UTC=2026-07-16T04:09:15Z
disable_user_nonessential:
Package com.google.android.googlequicksearchbox new state: disabled-user
Package com.android.vending new state: disabled-user
Package com.google.android.apps.photos new state: disabled-user
disabled_state:
package:com.google.android.apps.photos
package:com.android.vending
package:com.google.android.googlequicksearchbox
cpuinfo_after_disable:
Load: 38.62 / 34.98 / 31.28
CPU usage from 17346ms to 9654ms ago (2026-07-16 13:09:18.480 to 2026-07-16 13:09:26.171):
  62% 1841/system_server: 19% user + 43% kernel / faults: 8558 minor
  33% 6941/com.google.android.gms: 13% user + 20% kernel / faults: 5171 minor 24 major
  24% 7218/com.google.android.apps.nexuslauncher: 10% user + 13% kernel / faults: 1343 minor
  12% 488/surfaceflinger: 4.7% user + 8% kernel / faults: 13 minor
  9% 3277/com.android.systemui: 3.3% user + 5.7% kernel / faults: 578 minor
  8.8% 454/android.hardware.graphics.composer3-service.ranchu: 2.5% user + 6.2% kernel
  4.3% 1764/mediaserver: 0.7% user + 3.6% kernel / faults: 4 minor
  4.5% 443/android.hardware.sensors-service.multihal: 0.8% user + 3.7% kernel
  4.3% 6213/com.google.android.gms.persistent: 1.7% user + 2.6% kernel / faults: 108 minor 2 major
  3.7% 262/logd: 0.5% user + 3.2% kernel / faults: 13 minor
  3.5% 531/media.extractor: 1.3% user + 2.1% kernel / faults: 4 minor
  3.4% 5810/com.google.android.providers.media.module: 1.3% user + 2% kernel / faults: 299 minor
  2.5% 7337/com.google.android.apps.wellbeing: 1.3% user + 1.2% kernel / faults: 144 minor
  2.2% 522/logcat: 0.3% user + 1.8% kernel
  1.4% 4018/kworker/1:4-virtio_vsock: 0% user + 1.4% kernel
  1.3% 3617/com.google.android.permissioncontroller: 0.3% user + 0.9% kernel / faults: 53 minor
  0.9% 1250/kworker/u8:2-ext4-rsv-conversion: 0% user + 0.9% kernel
  0% 5395/com.google.android.apps.wallpaper: 0% user + 0% kernel / faults: 26 minor 13 major
  0.7% 327/jbd2/dm-6-8: 0% user + 0.7% kernel
  0.6% 425/statsd: 0.1% user + 0.5% kernel
  0.3% 30/ksoftirqd/1: 0% user + 0.3% kernel
  0.3% 62/khvcd: 0% user + 0.3% kernel
  0.3% 1666/kworker/0:2-events: 0% user + 0.3% kernel
  0.2% 18/rcu_preempt: 0% user + 0.2% kernel
  0% 33/rcuop/1: 0% user + 0% kernel
  0.2% 80/erofs_worker/1: 0% user + 0.2% kernel
  0.2% 263/lmkd: 0% user + 0.2% kernel
  0.2% 264/servicemanager: 0% user + 0.2% kernel
  0.2% 491/adbd: 0.2% user + 0% kernel / faults: 258 minor
  0.2% 496/android.hardware.graphics.allocator-service.ranchu: 0.1% user + 0.1% kernel
  0.2% 517/drmserver: 0.1% user + 0.1% kernel
  0.2% 2894/kworker/u8:3-loop12: 0% user + 0.2% kernel
  0.1% 10/kworker/0:0H-kverityd: 0% user + 0.1% kernel
  0.1% 19/rcuog/0: 0% user + 0.1% kernel
  0% 21/rcub/0: 0% user + 0% kernel
  0.1% 334/tombstoned: 0% user + 0.1% kernel
  0.1% 1761/zygote64: 0% user + 0.1% kernel
  0.1% 2049/android.hardware.biometrics.fingerprint-service.ranchu: 0% user + 0.1% kernel
  0.1% 2075/ot-daemon: 0.1% user + 0% kernel
  0.1% 3035/kworker/1:0H-kverityd: 0% user + 0.1% kernel
 +0% 7430/kworker/1:2-virtio_vsock: 0% user + 0% kernel
100% TOTAL: 29% user + 69% kernel + 0.9% softirq
