COMMAND=timeout 120 <sdk-adb> -s localhost:5575 shell am instrument -w -r io.realm.fixtureoracle.test/androidx.test.runner.AndroidJUnitRunner
SERIAL=localhost:5575
REMOVE_PRIOR_INTERNAL_OUTPUT=PASS
INSTRUMENTATION_STATUS: class=io.realm.fixtureoracle.OfficialFixtureOracleTest
INSTRUMENTATION_STATUS: current=1
INSTRUMENTATION_STATUS: id=AndroidJUnitRunner
INSTRUMENTATION_STATUS: numtests=1
INSTRUMENTATION_STATUS: stream=
io.realm.fixtureoracle.OfficialFixtureOracleTest:
INSTRUMENTATION_STATUS: test=generatePlainAndEncryptedFixturesAndVerifyWithOfficialReader
INSTRUMENTATION_STATUS_CODE: 1
INSTRUMENTATION_STATUS: class=io.realm.fixtureoracle.OfficialFixtureOracleTest
INSTRUMENTATION_STATUS: current=1
INSTRUMENTATION_STATUS: id=AndroidJUnitRunner
INSTRUMENTATION_STATUS: numtests=1
INSTRUMENTATION_STATUS: stream=.
INSTRUMENTATION_STATUS: test=generatePlainAndEncryptedFixturesAndVerifyWithOfficialReader
INSTRUMENTATION_STATUS_CODE: 0
INSTRUMENTATION_RESULT: stream=

Time: 0.024

OK (1 test)


INSTRUMENTATION_CODE: -1
INSTRUMENTATION_HOST_RC=0
