To honour the JVM settings for this build a single-use Daemon process will be forked. See https://docs.gradle.org/7.5/userguide/gradle_daemon.html#sec:disabling_the_daemon.
Daemon will be stopped at the end of the build
WARNING:We recommend using a newer Android Gradle plugin to use compileSdk = 36

This Android Gradle plugin (7.4.0) was tested up to compileSdk = 33

This warning can be suppressed by adding
    android.suppressUnsupportedCompileSdk=36
to this project's gradle.properties

The build will continue, but you are strongly encouraged to update your project to
use a newer Android Gradle Plugin that has been tested with compileSdk = 36
This version only understands SDK XML versions up to 3 but an SDK XML file of version 4 was encountered. This can happen if you use versions of Android Studio and the command-line tools that were released at different times.
package.xml parsing problem. unexpected element (uri:"", local:"abis"). Expected elements are <{}vendor>,<{}codename>,<{}base-extension>,<{}abi>,<{}api-level>,<{}extension-level>,<{}tag>
package.xml parsing problem. unexpected element (uri:"", local:"translatedAbis"). Expected elements are <{}vendor>,<{}codename>,<{}base-extension>,<{}abi>,<{}api-level>,<{}extension-level>,<{}tag>
package.xml parsing problem. unexpected element (uri:"", local:"abis"). Expected elements are <{}vendor>,<{}codename>,<{}base-extension>,<{}abi>,<{}api-level>,<{}extension-level>,<{}tag>
package.xml parsing problem. unexpected element (uri:"", local:"translatedAbis"). Expected elements are <{}vendor>,<{}codename>,<{}base-extension>,<{}abi>,<{}api-level>,<{}extension-level>,<{}tag>
Checking the license for package Android SDK Build-Tools 30.0.3 in /home/leminity/Android/Sdk/licenses
License for package Android SDK Build-Tools 30.0.3 accepted.
Preparing "Install Android SDK Build-Tools 30.0.3 (revision: 30.0.3)".
"Install Android SDK Build-Tools 30.0.3 (revision: 30.0.3)" ready.
Installing Android SDK Build-Tools 30.0.3 in /home/leminity/Android/Sdk/build-tools/30.0.3
"Install Android SDK Build-Tools 30.0.3 (revision: 30.0.3)" complete.
"Install Android SDK Build-Tools 30.0.3 (revision: 30.0.3)" finished.
Checking the license for package Android SDK Platform 36 in /home/leminity/Android/Sdk/licenses
License for package Android SDK Platform 36 accepted.
Preparing "Install Android SDK Platform 36 (revision: 2)".
"Install Android SDK Platform 36 (revision: 2)" ready.
Installing Android SDK Platform 36 in /home/leminity/Android/Sdk/platforms/android-36
"Install Android SDK Platform 36 (revision: 2)" complete.
"Install Android SDK Platform 36 (revision: 2)" finished.
package.xml parsing problem. unexpected element (uri:"", local:"abis"). Expected elements are <{}vendor>,<{}codename>,<{}base-extension>,<{}abi>,<{}api-level>,<{}extension-level>,<{}tag>
package.xml parsing problem. unexpected element (uri:"", local:"translatedAbis"). Expected elements are <{}vendor>,<{}codename>,<{}base-extension>,<{}abi>,<{}api-level>,<{}extension-level>,<{}tag>
> Task :app:preBuild UP-TO-DATE
> Task :app:preDebugBuild UP-TO-DATE
> Task :app:compileDebugAidl NO-SOURCE
> Task :app:compileDebugRenderscript NO-SOURCE
> Task :app:generateDebugBuildConfig
> Task :app:javaPreCompileDebug
> Task :app:checkDebugAarMetadata
> Task :app:generateDebugResValues
> Task :app:mapDebugSourceSetPaths
> Task :app:generateDebugResources
> Task :app:createDebugCompatibleScreenManifests
> Task :app:extractDeepLinksDebug
> Task :app:mergeDebugResources
> Task :app:processDebugMainManifest
> Task :app:processDebugManifest
> Task :app:preDebugAndroidTestBuild SKIPPED
> Task :app:compileDebugAndroidTestAidl NO-SOURCE
> Task :app:processDebugAndroidTestManifest
> Task :app:compileDebugAndroidTestRenderscript NO-SOURCE
> Task :app:generateDebugAndroidTestBuildConfig
> Task :app:javaPreCompileDebugAndroidTest
> Task :app:checkDebugAndroidTestAarMetadata
> Task :app:generateDebugAndroidTestResValues
> Task :app:mapDebugAndroidTestSourceSetPaths
> Task :app:generateDebugAndroidTestResources
> Task :app:mergeDebugAndroidTestResources
> Task :app:mergeDebugShaders
> Task :app:compileDebugShaders NO-SOURCE
> Task :app:generateDebugAssets UP-TO-DATE
> Task :app:mergeDebugAssets
> Task :app:processDebugAndroidTestResources FAILED
> Task :app:compressDebugAssets
> Task :app:processDebugManifestForPackage

FAILURE: Build failed with an exception.

* What went wrong:
Execution failed for task ':app:processDebugAndroidTestResources'.
> A failure occurred while executing com.android.build.gradle.internal.res.LinkApplicationAndroidResourcesTask$TaskAction
   > Android resource linking failed
     aapt2 E 07-16 12:41:37 283199 283199 LoadedArsc.cpp:94] RES_TABLE_TYPE_TYPE entry offsets overlap actual entry data.
     aapt2 E 07-16 12:41:37 283199 283199 ApkAssets.cpp:149] Failed to load resources table in APK '/home/leminity/Android/Sdk/platforms/android-36/android.jar'.
     error: failed to load include path /home/leminity/Android/Sdk/platforms/android-36/android.jar.


* Try:
> Run with --stacktrace option to get the stack trace.
> Run with --info or --debug option to get more log output.
> Run with --scan to get full insights.

* Get more help at https://help.gradle.org

BUILD FAILED in 21s
22 actionable tasks: 22 executed
