clear-fork-data.log: OK
clear-official-data.log: OK
device-identity.log: OK
export-official-schema.log: OK
force-stop-pids.txt: OK
fork-build-local.log: OK
fork-logcat.log: OK
fork-package.log: OK
fork-resolution-local.log: OK
fork-runtime.log: OK
g008-artifact-manifest.log: OK
immutable-input-manifest.txt: OK
install-fork-test.log: OK
install-fork.log: OK
install-inputs.log: OK
install-official-test.log: OK
install-official.log: OK
official-build-offline.log: OK
official-schema-n.log: OK
phase-a-evidence.log: OK
phase-a-force-stop.log: OK
phase-a-instrumentation.log: OK
phase-b-evidence.log: OK
phase-b-instrumentation.log: OK
push-encrypted.log: OK
push-schema.log: OK
result.txt: OK
run-metadata.txt: OK
