===== g008-artifact-manifest 2026-07-21T18:28:00+09:00 =====
+ find /tmp/realm-g013-task3-20260721T090205Z/repository/io/github/leminity/realm -type f -maxdepth 6 -print 
find: warning: you have specified the global option -maxdepth after the argument -type, but global options are not positional, i.e., -maxdepth affects tests specified before it as well as those specified after it.  Please specify global options before other arguments.
/tmp/realm-g013-task3-20260721T090205Z/repository/io/github/leminity/realm/realm-annotations/10.19.0-agp9.1/realm-annotations-10.19.0-agp9.1-sources.jar.sha512
/tmp/realm-g013-task3-20260721T090205Z/repository/io/github/leminity/realm/realm-annotations/10.19.0-agp9.1/realm-annotations-10.19.0-agp9.1-javadoc.jar.sha512
/tmp/realm-g013-task3-20260721T090205Z/repository/io/github/leminity/realm/realm-annotations/10.19.0-agp9.1/realm-annotations-10.19.0-agp9.1.pom.sha1
/tmp/realm-g013-task3-20260721T090205Z/repository/io/github/leminity/realm/realm-annotations/10.19.0-agp9.1/realm-annotations-10.19.0-agp9.1-sources.jar.asc
/tmp/realm-g013-task3-20260721T090205Z/repository/io/github/leminity/realm/realm-annotations/10.19.0-agp9.1/realm-annotations-10.19.0-agp9.1.pom
/tmp/realm-g013-task3-20260721T090205Z/repository/io/github/leminity/realm/realm-annotations/10.19.0-agp9.1/realm-annotations-10.19.0-agp9.1-sources.jar.sha1
/tmp/realm-g013-task3-20260721T090205Z/repository/io/github/leminity/realm/realm-annotations/10.19.0-agp9.1/realm-annotations-10.19.0-agp9.1.pom.asc
/tmp/realm-g013-task3-20260721T090205Z/repository/io/github/leminity/realm/realm-annotations/10.19.0-agp9.1/realm-annotations-10.19.0-agp9.1.jar.sha512
/tmp/realm-g013-task3-20260721T090205Z/repository/io/github/leminity/realm/realm-annotations/10.19.0-agp9.1/realm-annotations-10.19.0-agp9.1.jar.sha1
/tmp/realm-g013-task3-20260721T090205Z/repository/io/github/leminity/realm/realm-annotations/10.19.0-agp9.1/realm-annotations-10.19.0-agp9.1.jar
/tmp/realm-g013-task3-20260721T090205Z/repository/io/github/leminity/realm/realm-annotations/10.19.0-agp9.1/realm-annotations-10.19.0-agp9.1.jar.sha256
/tmp/realm-g013-task3-20260721T090205Z/repository/io/github/leminity/realm/realm-annotations/10.19.0-agp9.1/realm-annotations-10.19.0-agp9.1-sources.jar
/tmp/realm-g013-task3-20260721T090205Z/repository/io/github/leminity/realm/realm-annotations/10.19.0-agp9.1/realm-annotations-10.19.0-agp9.1.jar.md5
/tmp/realm-g013-task3-20260721T090205Z/repository/io/github/leminity/realm/realm-annotations/10.19.0-agp9.1/realm-annotations-10.19.0-agp9.1-javadoc.jar
/tmp/realm-g013-task3-20260721T090205Z/repository/io/github/leminity/realm/realm-annotations/10.19.0-agp9.1/realm-annotations-10.19.0-agp9.1.pom.sha512
/tmp/realm-g013-task3-20260721T090205Z/repository/io/github/leminity/realm/realm-annotations/10.19.0-agp9.1/realm-annotations-10.19.0-agp9.1-javadoc.jar.sha1
/tmp/realm-g013-task3-20260721T090205Z/repository/io/github/leminity/realm/realm-annotations/10.19.0-agp9.1/realm-annotations-10.19.0-agp9.1.pom.md5
/tmp/realm-g013-task3-20260721T090205Z/repository/io/github/leminity/realm/realm-annotations/10.19.0-agp9.1/realm-annotations-10.19.0-agp9.1-sources.jar.sha256
/tmp/realm-g013-task3-20260721T090205Z/repository/io/github/leminity/realm/realm-annotations/10.19.0-agp9.1/realm-annotations-10.19.0-agp9.1-javadoc.jar.asc
/tmp/realm-g013-task3-20260721T090205Z/repository/io/github/leminity/realm/realm-annotations/10.19.0-agp9.1/realm-annotations-10.19.0-agp9.1-sources.jar.md5
/tmp/realm-g013-task3-20260721T090205Z/repository/io/github/leminity/realm/realm-annotations/10.19.0-agp9.1/realm-annotations-10.19.0-agp9.1.jar.asc
/tmp/realm-g013-task3-20260721T090205Z/repository/io/github/leminity/realm/realm-annotations/10.19.0-agp9.1/realm-annotations-10.19.0-agp9.1-javadoc.jar.md5
/tmp/realm-g013-task3-20260721T090205Z/repository/io/github/leminity/realm/realm-annotations/10.19.0-agp9.1/realm-annotations-10.19.0-agp9.1.pom.sha256
/tmp/realm-g013-task3-20260721T090205Z/repository/io/github/leminity/realm/realm-annotations/10.19.0-agp9.1/realm-annotations-10.19.0-agp9.1-javadoc.jar.sha256
/tmp/realm-g013-task3-20260721T090205Z/repository/io/github/leminity/realm/realm-android-kotlin-extensions/10.19.0-agp9.1/realm-android-kotlin-extensions-10.19.0-agp9.1.aar.sha256
/tmp/realm-g013-task3-20260721T090205Z/repository/io/github/leminity/realm/realm-android-kotlin-extensions/10.19.0-agp9.1/realm-android-kotlin-extensions-10.19.0-agp9.1.aar
/tmp/realm-g013-task3-20260721T090205Z/repository/io/github/leminity/realm/realm-android-kotlin-extensions/10.19.0-agp9.1/realm-android-kotlin-extensions-10.19.0-agp9.1-javadoc.jar.sha256
/tmp/realm-g013-task3-20260721T090205Z/repository/io/github/leminity/realm/realm-android-kotlin-extensions/10.19.0-agp9.1/realm-android-kotlin-extensions-10.19.0-agp9.1-sources.jar.sha512
/tmp/realm-g013-task3-20260721T090205Z/repository/io/github/leminity/realm/realm-android-kotlin-extensions/10.19.0-agp9.1/realm-android-kotlin-extensions-10.19.0-agp9.1-sources.jar.sha256
/tmp/realm-g013-task3-20260721T090205Z/repository/io/github/leminity/realm/realm-android-kotlin-extensions/10.19.0-agp9.1/realm-android-kotlin-extensions-10.19.0-agp9.1-javadoc.jar
/tmp/realm-g013-task3-20260721T090205Z/repository/io/github/leminity/realm/realm-android-kotlin-extensions/10.19.0-agp9.1/realm-android-kotlin-extensions-10.19.0-agp9.1-sources.jar.sha1
/tmp/realm-g013-task3-20260721T090205Z/repository/io/github/leminity/realm/realm-android-kotlin-extensions/10.19.0-agp9.1/realm-android-kotlin-extensions-10.19.0-agp9.1-javadoc.jar.sha1
/tmp/realm-g013-task3-20260721T090205Z/repository/io/github/leminity/realm/realm-android-kotlin-extensions/10.19.0-agp9.1/realm-android-kotlin-extensions-10.19.0-agp9.1-javadoc.jar.md5
/tmp/realm-g013-task3-20260721T090205Z/repository/io/github/leminity/realm/realm-android-kotlin-extensions/10.19.0-agp9.1/realm-android-kotlin-extensions-10.19.0-agp9.1-javadoc.jar.asc
/tmp/realm-g013-task3-20260721T090205Z/repository/io/github/leminity/realm/realm-android-kotlin-extensions/10.19.0-agp9.1/realm-android-kotlin-extensions-10.19.0-agp9.1.aar.sha512
/tmp/realm-g013-task3-20260721T090205Z/repository/io/github/leminity/realm/realm-android-kotlin-extensions/10.19.0-agp9.1/realm-android-kotlin-extensions-10.19.0-agp9.1.aar.asc
/tmp/realm-g013-task3-20260721T090205Z/repository/io/github/leminity/realm/realm-android-kotlin-extensions/10.19.0-agp9.1/realm-android-kotlin-extensions-10.19.0-agp9.1.pom.sha1
/tmp/realm-g013-task3-20260721T090205Z/repository/io/github/leminity/realm/realm-android-kotlin-extensions/10.19.0-agp9.1/realm-android-kotlin-extensions-10.19.0-agp9.1.pom.md5
/tmp/realm-g013-task3-20260721T090205Z/repository/io/github/leminity/realm/realm-android-kotlin-extensions/10.19.0-agp9.1/realm-android-kotlin-extensions-10.19.0-agp9.1.aar.md5
/tmp/realm-g013-task3-20260721T090205Z/repository/io/github/leminity/realm/realm-android-kotlin-extensions/10.19.0-agp9.1/realm-android-kotlin-extensions-10.19.0-agp9.1-sources.jar.md5
/tmp/realm-g013-task3-20260721T090205Z/repository/io/github/leminity/realm/realm-android-kotlin-extensions/10.19.0-agp9.1/realm-android-kotlin-extensions-10.19.0-agp9.1.pom.sha256
/tmp/realm-g013-task3-20260721T090205Z/repository/io/github/leminity/realm/realm-android-kotlin-extensions/10.19.0-agp9.1/realm-android-kotlin-extensions-10.19.0-agp9.1-sources.jar.asc
/tmp/realm-g013-task3-20260721T090205Z/repository/io/github/leminity/realm/realm-android-kotlin-extensions/10.19.0-agp9.1/realm-android-kotlin-extensions-10.19.0-agp9.1.pom
/tmp/realm-g013-task3-20260721T090205Z/repository/io/github/leminity/realm/realm-android-kotlin-extensions/10.19.0-agp9.1/realm-android-kotlin-extensions-10.19.0-agp9.1.pom.asc
/tmp/realm-g013-task3-20260721T090205Z/repository/io/github/leminity/realm/realm-android-kotlin-extensions/10.19.0-agp9.1/realm-android-kotlin-extensions-10.19.0-agp9.1-sources.jar
/tmp/realm-g013-task3-20260721T090205Z/repository/io/github/leminity/realm/realm-android-kotlin-extensions/10.19.0-agp9.1/realm-android-kotlin-extensions-10.19.0-agp9.1.pom.sha512
/tmp/realm-g013-task3-20260721T090205Z/repository/io/github/leminity/realm/realm-android-kotlin-extensions/10.19.0-agp9.1/realm-android-kotlin-extensions-10.19.0-agp9.1.aar.sha1
/tmp/realm-g013-task3-20260721T090205Z/repository/io/github/leminity/realm/realm-android-kotlin-extensions/10.19.0-agp9.1/realm-android-kotlin-extensions-10.19.0-agp9.1-javadoc.jar.sha512
/tmp/realm-g013-task3-20260721T090205Z/repository/io/github/leminity/realm/realm-android-library/10.19.0-agp9.1/realm-android-library-10.19.0-agp9.1.aar.sha256
/tmp/realm-g013-task3-20260721T090205Z/repository/io/github/leminity/realm/realm-android-library/10.19.0-agp9.1/realm-android-library-10.19.0-agp9.1.pom.sha1
/tmp/realm-g013-task3-20260721T090205Z/repository/io/github/leminity/realm/realm-android-library/10.19.0-agp9.1/realm-android-library-10.19.0-agp9.1.aar.md5
/tmp/realm-g013-task3-20260721T090205Z/repository/io/github/leminity/realm/realm-android-library/10.19.0-agp9.1/realm-android-library-10.19.0-agp9.1.pom.md5
/tmp/realm-g013-task3-20260721T090205Z/repository/io/github/leminity/realm/realm-android-library/10.19.0-agp9.1/realm-android-library-10.19.0-agp9.1-sources.jar.md5
/tmp/realm-g013-task3-20260721T090205Z/repository/io/github/leminity/realm/realm-android-library/10.19.0-agp9.1/realm-android-library-10.19.0-agp9.1-javadoc.jar.sha1
/tmp/realm-g013-task3-20260721T090205Z/repository/io/github/leminity/realm/realm-android-library/10.19.0-agp9.1/realm-android-library-10.19.0-agp9.1-sources.jar.sha512
/tmp/realm-g013-task3-20260721T090205Z/repository/io/github/leminity/realm/realm-android-library/10.19.0-agp9.1/realm-android-library-10.19.0-agp9.1-sources.jar.asc
/tmp/realm-g013-task3-20260721T090205Z/repository/io/github/leminity/realm/realm-android-library/10.19.0-agp9.1/realm-android-library-10.19.0-agp9.1-sources.jar
/tmp/realm-g013-task3-20260721T090205Z/repository/io/github/leminity/realm/realm-android-library/10.19.0-agp9.1/realm-android-library-10.19.0-agp9.1.pom.sha512
/tmp/realm-g013-task3-20260721T090205Z/repository/io/github/leminity/realm/realm-android-library/10.19.0-agp9.1/realm-android-library-10.19.0-agp9.1.pom.asc
/tmp/realm-g013-task3-20260721T090205Z/repository/io/github/leminity/realm/realm-android-library/10.19.0-agp9.1/realm-android-library-10.19.0-agp9.1.aar
/tmp/realm-g013-task3-20260721T090205Z/repository/io/github/leminity/realm/realm-android-library/10.19.0-agp9.1/realm-android-library-10.19.0-agp9.1.pom.sha256
/tmp/realm-g013-task3-20260721T090205Z/repository/io/github/leminity/realm/realm-android-library/10.19.0-agp9.1/realm-android-library-10.19.0-agp9.1.aar.sha512
/tmp/realm-g013-task3-20260721T090205Z/repository/io/github/leminity/realm/realm-android-library/10.19.0-agp9.1/realm-android-library-10.19.0-agp9.1.aar.asc
/tmp/realm-g013-task3-20260721T090205Z/repository/io/github/leminity/realm/realm-android-library/10.19.0-agp9.1/realm-android-library-10.19.0-agp9.1-sources.jar.sha1
/tmp/realm-g013-task3-20260721T090205Z/repository/io/github/leminity/realm/realm-android-library/10.19.0-agp9.1/realm-android-library-10.19.0-agp9.1-javadoc.jar.asc
/tmp/realm-g013-task3-20260721T090205Z/repository/io/github/leminity/realm/realm-android-library/10.19.0-agp9.1/realm-android-library-10.19.0-agp9.1-javadoc.jar.md5
/tmp/realm-g013-task3-20260721T090205Z/repository/io/github/leminity/realm/realm-android-library/10.19.0-agp9.1/realm-android-library-10.19.0-agp9.1-javadoc.jar.sha512
/tmp/realm-g013-task3-20260721T090205Z/repository/io/github/leminity/realm/realm-android-library/10.19.0-agp9.1/realm-android-library-10.19.0-agp9.1-javadoc.jar
/tmp/realm-g013-task3-20260721T090205Z/repository/io/github/leminity/realm/realm-android-library/10.19.0-agp9.1/realm-android-library-10.19.0-agp9.1.aar.sha1
/tmp/realm-g013-task3-20260721T090205Z/repository/io/github/leminity/realm/realm-android-library/10.19.0-agp9.1/realm-android-library-10.19.0-agp9.1.pom
/tmp/realm-g013-task3-20260721T090205Z/repository/io/github/leminity/realm/realm-android-library/10.19.0-agp9.1/realm-android-library-10.19.0-agp9.1-sources.jar.sha256
/tmp/realm-g013-task3-20260721T090205Z/repository/io/github/leminity/realm/realm-android-library/10.19.0-agp9.1/realm-android-library-10.19.0-agp9.1-javadoc.jar.sha256
/tmp/realm-g013-task3-20260721T090205Z/repository/io/github/leminity/realm/realm-annotations-processor/10.19.0-agp9.1/realm-annotations-processor-10.19.0-agp9.1-sources.jar
/tmp/realm-g013-task3-20260721T090205Z/repository/io/github/leminity/realm/realm-annotations-processor/10.19.0-agp9.1/realm-annotations-processor-10.19.0-agp9.1.pom.sha1
/tmp/realm-g013-task3-20260721T090205Z/repository/io/github/leminity/realm/realm-annotations-processor/10.19.0-agp9.1/realm-annotations-processor-10.19.0-agp9.1-javadoc.jar.asc
/tmp/realm-g013-task3-20260721T090205Z/repository/io/github/leminity/realm/realm-annotations-processor/10.19.0-agp9.1/realm-annotations-processor-10.19.0-agp9.1.pom
/tmp/realm-g013-task3-20260721T090205Z/repository/io/github/leminity/realm/realm-annotations-processor/10.19.0-agp9.1/realm-annotations-processor-10.19.0-agp9.1-javadoc.jar.md5
/tmp/realm-g013-task3-20260721T090205Z/repository/io/github/leminity/realm/realm-annotations-processor/10.19.0-agp9.1/realm-annotations-processor-10.19.0-agp9.1.jar.md5
/tmp/realm-g013-task3-20260721T090205Z/repository/io/github/leminity/realm/realm-annotations-processor/10.19.0-agp9.1/realm-annotations-processor-10.19.0-agp9.1.pom.sha256
/tmp/realm-g013-task3-20260721T090205Z/repository/io/github/leminity/realm/realm-annotations-processor/10.19.0-agp9.1/realm-annotations-processor-10.19.0-agp9.1-sources.jar.asc
/tmp/realm-g013-task3-20260721T090205Z/repository/io/github/leminity/realm/realm-annotations-processor/10.19.0-agp9.1/realm-annotations-processor-10.19.0-agp9.1-sources.jar.sha256
/tmp/realm-g013-task3-20260721T090205Z/repository/io/github/leminity/realm/realm-annotations-processor/10.19.0-agp9.1/realm-annotations-processor-10.19.0-agp9.1-javadoc.jar.sha1
/tmp/realm-g013-task3-20260721T090205Z/repository/io/github/leminity/realm/realm-annotations-processor/10.19.0-agp9.1/realm-annotations-processor-10.19.0-agp9.1.jar.sha512
/tmp/realm-g013-task3-20260721T090205Z/repository/io/github/leminity/realm/realm-annotations-processor/10.19.0-agp9.1/realm-annotations-processor-10.19.0-agp9.1-sources.jar.md5
/tmp/realm-g013-task3-20260721T090205Z/repository/io/github/leminity/realm/realm-annotations-processor/10.19.0-agp9.1/realm-annotations-processor-10.19.0-agp9.1.pom.sha512
/tmp/realm-g013-task3-20260721T090205Z/repository/io/github/leminity/realm/realm-annotations-processor/10.19.0-agp9.1/realm-annotations-processor-10.19.0-agp9.1.pom.md5
/tmp/realm-g013-task3-20260721T090205Z/repository/io/github/leminity/realm/realm-annotations-processor/10.19.0-agp9.1/realm-annotations-processor-10.19.0-agp9.1.pom.asc
/tmp/realm-g013-task3-20260721T090205Z/repository/io/github/leminity/realm/realm-annotations-processor/10.19.0-agp9.1/realm-annotations-processor-10.19.0-agp9.1.jar.asc
/tmp/realm-g013-task3-20260721T090205Z/repository/io/github/leminity/realm/realm-annotations-processor/10.19.0-agp9.1/realm-annotations-processor-10.19.0-agp9.1.jar
/tmp/realm-g013-task3-20260721T090205Z/repository/io/github/leminity/realm/realm-annotations-processor/10.19.0-agp9.1/realm-annotations-processor-10.19.0-agp9.1.jar.sha256
/tmp/realm-g013-task3-20260721T090205Z/repository/io/github/leminity/realm/realm-annotations-processor/10.19.0-agp9.1/realm-annotations-processor-10.19.0-agp9.1-javadoc.jar
/tmp/realm-g013-task3-20260721T090205Z/repository/io/github/leminity/realm/realm-annotations-processor/10.19.0-agp9.1/realm-annotations-processor-10.19.0-agp9.1-javadoc.jar.sha256
/tmp/realm-g013-task3-20260721T090205Z/repository/io/github/leminity/realm/realm-annotations-processor/10.19.0-agp9.1/realm-annotations-processor-10.19.0-agp9.1-sources.jar.sha512
/tmp/realm-g013-task3-20260721T090205Z/repository/io/github/leminity/realm/realm-annotations-processor/10.19.0-agp9.1/realm-annotations-processor-10.19.0-agp9.1.jar.sha1
/tmp/realm-g013-task3-20260721T090205Z/repository/io/github/leminity/realm/realm-annotations-processor/10.19.0-agp9.1/realm-annotations-processor-10.19.0-agp9.1-javadoc.jar.sha512
/tmp/realm-g013-task3-20260721T090205Z/repository/io/github/leminity/realm/realm-annotations-processor/10.19.0-agp9.1/realm-annotations-processor-10.19.0-agp9.1-sources.jar.sha1
/tmp/realm-g013-task3-20260721T090205Z/repository/io/github/leminity/realm/realm-gradle-plugin/10.19.0-agp9.1/realm-gradle-plugin-10.19.0-agp9.1.pom.asc
/tmp/realm-g013-task3-20260721T090205Z/repository/io/github/leminity/realm/realm-gradle-plugin/10.19.0-agp9.1/realm-gradle-plugin-10.19.0-agp9.1.pom
/tmp/realm-g013-task3-20260721T090205Z/repository/io/github/leminity/realm/realm-gradle-plugin/10.19.0-agp9.1/realm-gradle-plugin-10.19.0-agp9.1-sources.jar.sha1
/tmp/realm-g013-task3-20260721T090205Z/repository/io/github/leminity/realm/realm-gradle-plugin/10.19.0-agp9.1/realm-gradle-plugin-10.19.0-agp9.1.jar
/tmp/realm-g013-task3-20260721T090205Z/repository/io/github/leminity/realm/realm-gradle-plugin/10.19.0-agp9.1/realm-gradle-plugin-10.19.0-agp9.1-javadoc.jar.sha1
/tmp/realm-g013-task3-20260721T090205Z/repository/io/github/leminity/realm/realm-gradle-plugin/10.19.0-agp9.1/realm-gradle-plugin-10.19.0-agp9.1.jar.sha1
/tmp/realm-g013-task3-20260721T090205Z/repository/io/github/leminity/realm/realm-gradle-plugin/10.19.0-agp9.1/realm-gradle-plugin-10.19.0-agp9.1-javadoc.jar.sha512
/tmp/realm-g013-task3-20260721T090205Z/repository/io/github/leminity/realm/realm-gradle-plugin/10.19.0-agp9.1/realm-gradle-plugin-10.19.0-agp9.1-javadoc.jar.sha256
/tmp/realm-g013-task3-20260721T090205Z/repository/io/github/leminity/realm/realm-gradle-plugin/10.19.0-agp9.1/realm-gradle-plugin-10.19.0-agp9.1.pom.sha512
/tmp/realm-g013-task3-20260721T090205Z/repository/io/github/leminity/realm/realm-gradle-plugin/10.19.0-agp9.1/realm-gradle-plugin-10.19.0-agp9.1.jar.sha256
/tmp/realm-g013-task3-20260721T090205Z/repository/io/github/leminity/realm/realm-gradle-plugin/10.19.0-agp9.1/realm-gradle-plugin-10.19.0-agp9.1-javadoc.jar.asc
/tmp/realm-g013-task3-20260721T090205Z/repository/io/github/leminity/realm/realm-gradle-plugin/10.19.0-agp9.1/realm-gradle-plugin-10.19.0-agp9.1.jar.sha512
/tmp/realm-g013-task3-20260721T090205Z/repository/io/github/leminity/realm/realm-gradle-plugin/10.19.0-agp9.1/realm-gradle-plugin-10.19.0-agp9.1.pom.md5
/tmp/realm-g013-task3-20260721T090205Z/repository/io/github/leminity/realm/realm-gradle-plugin/10.19.0-agp9.1/realm-gradle-plugin-10.19.0-agp9.1.jar.asc
/tmp/realm-g013-task3-20260721T090205Z/repository/io/github/leminity/realm/realm-gradle-plugin/10.19.0-agp9.1/realm-gradle-plugin-10.19.0-agp9.1-sources.jar
/tmp/realm-g013-task3-20260721T090205Z/repository/io/github/leminity/realm/realm-gradle-plugin/10.19.0-agp9.1/realm-gradle-plugin-10.19.0-agp9.1-sources.jar.md5
/tmp/realm-g013-task3-20260721T090205Z/repository/io/github/leminity/realm/realm-gradle-plugin/10.19.0-agp9.1/realm-gradle-plugin-10.19.0-agp9.1-sources.jar.sha512
/tmp/realm-g013-task3-20260721T090205Z/repository/io/github/leminity/realm/realm-gradle-plugin/10.19.0-agp9.1/realm-gradle-plugin-10.19.0-agp9.1-javadoc.jar.md5
/tmp/realm-g013-task3-20260721T090205Z/repository/io/github/leminity/realm/realm-gradle-plugin/10.19.0-agp9.1/realm-gradle-plugin-10.19.0-agp9.1-javadoc.jar
/tmp/realm-g013-task3-20260721T090205Z/repository/io/github/leminity/realm/realm-gradle-plugin/10.19.0-agp9.1/realm-gradle-plugin-10.19.0-agp9.1.pom.sha256
/tmp/realm-g013-task3-20260721T090205Z/repository/io/github/leminity/realm/realm-gradle-plugin/10.19.0-agp9.1/realm-gradle-plugin-10.19.0-agp9.1-sources.jar.sha256
/tmp/realm-g013-task3-20260721T090205Z/repository/io/github/leminity/realm/realm-gradle-plugin/10.19.0-agp9.1/realm-gradle-plugin-10.19.0-agp9.1.jar.md5
/tmp/realm-g013-task3-20260721T090205Z/repository/io/github/leminity/realm/realm-gradle-plugin/10.19.0-agp9.1/realm-gradle-plugin-10.19.0-agp9.1.pom.sha1
/tmp/realm-g013-task3-20260721T090205Z/repository/io/github/leminity/realm/realm-gradle-plugin/10.19.0-agp9.1/realm-gradle-plugin-10.19.0-agp9.1-sources.jar.asc
/tmp/realm-g013-task3-20260721T090205Z/repository/io/github/leminity/realm/realm-transformer/10.19.0-agp9.1/realm-transformer-10.19.0-agp9.1.pom
/tmp/realm-g013-task3-20260721T090205Z/repository/io/github/leminity/realm/realm-transformer/10.19.0-agp9.1/realm-transformer-10.19.0-agp9.1.pom.md5
/tmp/realm-g013-task3-20260721T090205Z/repository/io/github/leminity/realm/realm-transformer/10.19.0-agp9.1/realm-transformer-10.19.0-agp9.1-sources.jar.sha512
/tmp/realm-g013-task3-20260721T090205Z/repository/io/github/leminity/realm/realm-transformer/10.19.0-agp9.1/realm-transformer-10.19.0-agp9.1.jar
/tmp/realm-g013-task3-20260721T090205Z/repository/io/github/leminity/realm/realm-transformer/10.19.0-agp9.1/realm-transformer-10.19.0-agp9.1.pom.sha1
/tmp/realm-g013-task3-20260721T090205Z/repository/io/github/leminity/realm/realm-transformer/10.19.0-agp9.1/realm-transformer-10.19.0-agp9.1.jar.asc
/tmp/realm-g013-task3-20260721T090205Z/repository/io/github/leminity/realm/realm-transformer/10.19.0-agp9.1/realm-transformer-10.19.0-agp9.1.pom.sha256
/tmp/realm-g013-task3-20260721T090205Z/repository/io/github/leminity/realm/realm-transformer/10.19.0-agp9.1/realm-transformer-10.19.0-agp9.1.jar.sha256
/tmp/realm-g013-task3-20260721T090205Z/repository/io/github/leminity/realm/realm-transformer/10.19.0-agp9.1/realm-transformer-10.19.0-agp9.1-sources.jar.asc
/tmp/realm-g013-task3-20260721T090205Z/repository/io/github/leminity/realm/realm-transformer/10.19.0-agp9.1/realm-transformer-10.19.0-agp9.1-javadoc.jar.sha256
/tmp/realm-g013-task3-20260721T090205Z/repository/io/github/leminity/realm/realm-transformer/10.19.0-agp9.1/realm-transformer-10.19.0-agp9.1.jar.sha1
/tmp/realm-g013-task3-20260721T090205Z/repository/io/github/leminity/realm/realm-transformer/10.19.0-agp9.1/realm-transformer-10.19.0-agp9.1-sources.jar.sha1
/tmp/realm-g013-task3-20260721T090205Z/repository/io/github/leminity/realm/realm-transformer/10.19.0-agp9.1/realm-transformer-10.19.0-agp9.1.pom.asc
/tmp/realm-g013-task3-20260721T090205Z/repository/io/github/leminity/realm/realm-transformer/10.19.0-agp9.1/realm-transformer-10.19.0-agp9.1-sources.jar
/tmp/realm-g013-task3-20260721T090205Z/repository/io/github/leminity/realm/realm-transformer/10.19.0-agp9.1/realm-transformer-10.19.0-agp9.1-javadoc.jar
/tmp/realm-g013-task3-20260721T090205Z/repository/io/github/leminity/realm/realm-transformer/10.19.0-agp9.1/realm-transformer-10.19.0-agp9.1.jar.sha512
/tmp/realm-g013-task3-20260721T090205Z/repository/io/github/leminity/realm/realm-transformer/10.19.0-agp9.1/realm-transformer-10.19.0-agp9.1-javadoc.jar.sha1
/tmp/realm-g013-task3-20260721T090205Z/repository/io/github/leminity/realm/realm-transformer/10.19.0-agp9.1/realm-transformer-10.19.0-agp9.1-javadoc.jar.asc
/tmp/realm-g013-task3-20260721T090205Z/repository/io/github/leminity/realm/realm-transformer/10.19.0-agp9.1/realm-transformer-10.19.0-agp9.1-sources.jar.sha256
/tmp/realm-g013-task3-20260721T090205Z/repository/io/github/leminity/realm/realm-transformer/10.19.0-agp9.1/realm-transformer-10.19.0-agp9.1-javadoc.jar.md5
/tmp/realm-g013-task3-20260721T090205Z/repository/io/github/leminity/realm/realm-transformer/10.19.0-agp9.1/realm-transformer-10.19.0-agp9.1.pom.sha512
/tmp/realm-g013-task3-20260721T090205Z/repository/io/github/leminity/realm/realm-transformer/10.19.0-agp9.1/realm-transformer-10.19.0-agp9.1-javadoc.jar.sha512
/tmp/realm-g013-task3-20260721T090205Z/repository/io/github/leminity/realm/realm-transformer/10.19.0-agp9.1/realm-transformer-10.19.0-agp9.1-sources.jar.md5
/tmp/realm-g013-task3-20260721T090205Z/repository/io/github/leminity/realm/realm-transformer/10.19.0-agp9.1/realm-transformer-10.19.0-agp9.1.jar.md5
[exit=0]
