To honour the JVM settings for this build a single-use Daemon process will be forked. See https://docs.gradle.org/7.5/userguide/gradle_daemon.html#sec:disabling_the_daemon.
Daemon will be stopped at the end of the build 

> Configure project :app
WARNING:The option setting 'android.aapt2FromMavenOverride=/home/leminity/Android/Sdk/build-tools/36.0.0/aapt2' is experimental.
WARNING:We recommend using a newer Android Gradle plugin to use compileSdk = 36

This Android Gradle plugin (7.4.0) was tested up to compileSdk = 33

This warning can be suppressed by adding
    android.suppressUnsupportedCompileSdk=36
to this project's gradle.properties

The build will continue, but you are strongly encouraged to update your project to
use a newer Android Gradle Plugin that has been tested with compileSdk = 36

> Task :app:preBuild UP-TO-DATE
> Task :app:preDebugBuild UP-TO-DATE
> Task :app:mergeDebugNativeDebugMetadata NO-SOURCE
> Task :app:compileDebugAidl NO-SOURCE
> Task :app:compileDebugRenderscript NO-SOURCE
> Task :app:generateDebugBuildConfig
> Task :app:javaPreCompileDebug
> Task :app:checkDebugAarMetadata
> Task :app:generateDebugResValues
> Task :app:mapDebugSourceSetPaths
> Task :app:generateDebugResources
> Task :app:createDebugCompatibleScreenManifests
> Task :app:extractDeepLinksDebug
> Task :app:mergeDebugResources
> Task :app:processDebugMainManifest
> Task :app:processDebugManifest
> Task :app:mergeDebugShaders
> Task :app:compileDebugShaders NO-SOURCE
> Task :app:generateDebugAssets UP-TO-DATE
> Task :app:mergeDebugAssets
> Task :app:compressDebugAssets
> Task :app:processDebugJavaRes NO-SOURCE
> Task :app:checkDebugDuplicateClasses
> Task :app:desugarDebugFileDependencies
> Task :app:mergeDebugJniLibFolders
> Task :app:validateSigningDebug
> Task :app:writeDebugAppMetadata
> Task :app:mergeLibDexDebug
> Task :app:writeDebugSigningConfigVersions
> Task :app:preDebugAndroidTestBuild SKIPPED
> Task :app:compileDebugAndroidTestAidl NO-SOURCE
> Task :app:mergeExtDexDebug
> Task :app:processDebugAndroidTestManifest
> Task :app:compileDebugAndroidTestRenderscript NO-SOURCE
> Task :app:generateDebugAndroidTestBuildConfig
> Task :app:javaPreCompileDebugAndroidTest
> Task :app:checkDebugAndroidTestAarMetadata
> Task :app:generateDebugAndroidTestResValues
> Task :app:mapDebugAndroidTestSourceSetPaths
> Task :app:generateDebugAndroidTestResources
> Task :app:mergeDebugNativeLibs
> Task :app:mergeDebugAndroidTestResources
> Task :app:mergeDebugAndroidTestShaders
> Task :app:compileDebugAndroidTestShaders NO-SOURCE
> Task :app:generateDebugAndroidTestAssets UP-TO-DATE
> Task :app:processDebugAndroidTestResources
> Task :app:mergeDebugAndroidTestAssets
> Task :app:processDebugAndroidTestJavaRes NO-SOURCE
> Task :app:compressDebugAndroidTestAssets
> Task :app:mergeDebugAndroidTestJniLibFolders
> Task :app:mergeDebugAndroidTestNativeLibs NO-SOURCE
> Task :app:checkDebugAndroidTestDuplicateClasses
> Task :app:desugarDebugAndroidTestFileDependencies

> Task :app:stripDebugDebugSymbols
Unable to strip the following libraries, packaging them as they are: librealm-jni.so.

> Task :app:validateSigningDebugAndroidTest
> Task :app:writeDebugAndroidTestSigningConfigVersions
> Task :app:processDebugManifestForPackage
> Task :app:mergeLibDexDebugAndroidTest
> Task :app:mergeExtDexDebugAndroidTest
> Task :app:processDebugResources

> Task :app:compileDebugJavaWithJavac
Note: Processing class FixturePerson
Note: Creating DefaultRealmModule
Note: /mnt/d/workspace/jiran/realm/.omx/team/at-exact-integrated-s-835c6090/worktrees/worker-2/compatibility-fixtures/official-10.19.0-generator/app/build/generated/ap_generated_sources/debug/out/io/realm/DefaultRealmModuleMediator.java uses unchecked or unsafe operations.
Note: Recompile with -Xlint:unchecked for details.

> Task :app:mergeDebugJavaResource
> Task :app:debugRealmAccessorsTransformer
> Task :app:dexBuilderDebug
> Task :app:mergeProjectDexDebug
> Task :app:bundleDebugClassesToCompileJar
> Task :app:compileDebugAndroidTestJavaWithJavac
> Task :app:mergeDebugAndroidTestJavaResource
> Task :app:debugAndroidTestRealmAccessorsTransformer
> Task :app:dexBuilderDebugAndroidTest
> Task :app:packageDebug
> Task :app:mergeProjectDexDebugAndroidTest
> Task :app:createDebugApkListingFileRedirect
> Task :app:assembleDebug
> Task :app:packageDebugAndroidTest
> Task :app:createDebugAndroidTestApkListingFileRedirect
> Task :app:assembleDebugAndroidTest

BUILD SUCCESSFUL in 49s
58 actionable tasks: 58 executed
