> Task :cleanG008LocalStaging
> Task :realm-annotations:compileJava UP-TO-DATE
> Task :realm-annotations:processResources NO-SOURCE
> Task :realm-annotations:classes UP-TO-DATE
> Task :realm-annotations:jar UP-TO-DATE
> Task :realm-annotations:javadoc UP-TO-DATE
> Task :realm-annotations:javadocJar UP-TO-DATE
> Task :realm-annotations:sourcesJar UP-TO-DATE
> Task :realm-annotations:generateMetadataFileForRealmPublication SKIPPED
> Task :realm-annotations:generatePomFileForRealmPublication
> Task :realm-annotations:publishRealmPublicationToG008LocalStagingRepository
> Task :realm-annotations:publish
> Task :g008PublishAnnotations
> Task :realm-transformer:checkKotlinGradlePluginConfigurationErrors SKIPPED
> Task :realm-transformer:generateVersionClass
> Task :realm-transformer:processResources NO-SOURCE
> Task :realm-transformer:sourcesJar
> Task :realm-transformer:generatePomFileForRealmPublication

> Task :realm-transformer:compileKotlin
w: file:///mnt/d/workspace/jiran/realm/.omx/team/g008-six-artifact-pub-6fc3cb75/worktrees/worker-1/realm-transformer/src/main/kotlin/io/realm/transformer/build/FullBuild.kt:73:40 The corresponding parameter in the supertype 'BuildTemplate' is named 'outputClassNames'. This may cause problems when calling this function with named arguments.
w: file:///mnt/d/workspace/jiran/realm/.omx/team/g008-six-artifact-pub-6fc3cb75/worktrees/worker-1/realm-transformer/src/main/kotlin/io/realm/transformer/build/FullBuild.kt:73:65 The corresponding parameter in the supertype 'BuildTemplate' is named 'outputReferencedClassNames'. This may cause problems when calling this function with named arguments.

> Task :g008PublishTransformer
> Task :realm-transformer:compileJava
> Task :realm-transformer:classes
> Task :realm-transformer:jar

> Task :realm-transformer:javadoc
/mnt/d/workspace/jiran/realm/.omx/team/g008-six-artifact-pub-6fc3cb75/worktrees/worker-1/realm-transformer/src/main/java/io/realm/gradle/RealmPluginExtension.java:24: warning: no comment
public class RealmPluginExtension {
       ^
/mnt/d/workspace/jiran/realm/.omx/team/g008-six-artifact-pub-6fc3cb75/worktrees/worker-1/realm-transformer/src/main/java/io/realm/gradle/RealmPluginExtension.java:38: warning: no comment
    public boolean isKotlinExtensionsEnabled() {
                   ^
/mnt/d/workspace/jiran/realm/.omx/team/g008-six-artifact-pub-6fc3cb75/worktrees/worker-1/realm-transformer/src/main/java/io/realm/gradle/RealmPluginExtension.java:29: warning: no comment
    public boolean isSyncEnabled() {
                   ^
/mnt/d/workspace/jiran/realm/.omx/team/g008-six-artifact-pub-6fc3cb75/worktrees/worker-1/realm-transformer/src/main/java/io/realm/gradle/RealmPluginExtension.java:42: warning: no comment
    public void setKotlinExtensionsEnabled(boolean kotlinExtensionsEnabled) {
                ^
/mnt/d/workspace/jiran/realm/.omx/team/g008-six-artifact-pub-6fc3cb75/worktrees/worker-1/realm-transformer/src/main/java/io/realm/gradle/RealmPluginExtension.java:33: warning: no comment
    public void setSyncEnabled(boolean syncEnabled) {
                ^
/mnt/d/workspace/jiran/realm/.omx/team/g008-six-artifact-pub-6fc3cb75/worktrees/worker-1/realm-transformer/src/main/java/io/realm/transformer/Utils.java:42: warning: no description for @throws
     * @throws NoSuchAlgorithmException
       ^
/mnt/d/workspace/jiran/realm/.omx/team/g008-six-artifact-pub-6fc3cb75/worktrees/worker-1/realm-transformer/src/main/java/io/realm/transformer/Utils.java:26: warning: no comment
public class Utils {
       ^
/mnt/d/workspace/jiran/realm/.omx/team/g008-six-artifact-pub-6fc3cb75/worktrees/worker-1/realm-transformer/src/main/java/io/realm/transformer/Utils.java:63: warning: no comment
    public static boolean isSyncEnabled(Project project) {
                          ^
/mnt/d/workspace/jiran/realm/.omx/team/g008-six-artifact-pub-6fc3cb75/worktrees/worker-1/realm-transformer/build/generated-src/main/java/io/realm/transformer/Version.java:3: warning: no comment
public class Version {
       ^
/mnt/d/workspace/jiran/realm/.omx/team/g008-six-artifact-pub-6fc3cb75/worktrees/worker-1/realm-transformer/build/generated-src/main/java/io/realm/transformer/Version.java:5: warning: no comment
    public static final String SYNC_VERSION = "13.26.0";
                               ^
/mnt/d/workspace/jiran/realm/.omx/team/g008-six-artifact-pub-6fc3cb75/worktrees/worker-1/realm-transformer/build/generated-src/main/java/io/realm/transformer/Version.java:4: warning: no comment
    public static final String VERSION = "10.19.0-agp9.1";
                               ^
11 warnings

> Task :realm-transformer:javadocJar
> Task :realm-transformer:generateMetadataFileForRealmPublication SKIPPED
> Task :realm-transformer:publishRealmPublicationToG008LocalStagingRepository
> Task :realm-transformer:publish

[Incubating] Problems report is available at: file:///mnt/d/workspace/jiran/realm/.omx/team/g008-six-artifact-pub-6fc3cb75/worktrees/worker-1/build/reports/problems/problems-report.html

Deprecated Gradle features were used in this build, making it incompatible with Gradle 10.

You can use '--warning-mode all' to show the individual deprecation warnings and determine if they come from your own scripts or plugins.

For more on this, please refer to https://docs.gradle.org/9.6.1/userguide/command_line_interface.html#sec:command_line_warnings in the Gradle documentation.

BUILD SUCCESSFUL in 48s
3 actionable tasks: 3 executed
Consider enabling configuration cache to speed up this build: https://docs.gradle.org/9.6.1/userguide/configuration_cache_enabling.html
exit=0
