To honour the JVM settings for this build a single-use Daemon process will be forked. For more on this, please refer to https://docs.gradle.org/9.6.1/userguide/gradle_daemon.html#sec:disabling_the_daemon in the Gradle documentation.
Daemon will be stopped at the end of the build 
> Task :app:tasks FAILED

[Incubating] Problems report is available at: file:///tmp/realm-g004-baseextension-fixture-39tear/build/reports/problems/problems-report.html

FAILURE: Build failed with an exception.

* What went wrong:
Execution failed for task ':app:tasks' (registered by plugin 'org.gradle.help-tasks').
> Could not create task ':app:debugRealmAccessorsTransformer'.
   > class com.android.build.gradle.internal.dsl.ApplicationExtensionImpl$AgpDecorated_Decorated cannot be cast to class com.android.build.gradle.BaseExtension (com.android.build.gradle.internal.dsl.ApplicationExtensionImpl$AgpDecorated_Decorated and com.android.build.gradle.BaseExtension are in unnamed module of loader org.gradle.internal.classloader.VisitableURLClassLoader$InstrumentingVisitableURLClassLoader @f1be0ba)

* Try:
> Run with --stacktrace option to get the stack trace.
> Run with --info or --debug option to get more log output.
> Run with --scan to get full insights from a Build Scan (powered by Develocity).
> Get more help at https://help.gradle.org.

Deprecated Gradle features were used in this build, making it incompatible with Gradle 10.

You can use '--warning-mode all' to show the individual deprecation warnings and determine if they come from your own scripts or plugins.

For more on this, please refer to https://docs.gradle.org/9.6.1/userguide/command_line_interface.html#sec:command_line_warnings in the Gradle documentation.

BUILD FAILED in 6s
1 actionable task: 1 executed
baseline_reproduction_exit=1
