G004 transformer public-API static verification: PASS
To honour the JVM settings for this build a single-use Daemon process will be forked. For more on this, please refer to https://docs.gradle.org/9.6.1/userguide/gradle_daemon.html#sec:disabling_the_daemon in the Gradle documentation.
Daemon will be stopped at the end of the build 
> Task :checkKotlinGradlePluginConfigurationErrors SKIPPED
> Task :generateVersionClass
> Task :compileKotlin UP-TO-DATE
> Task :compileJava UP-TO-DATE
> Task :processResources NO-SOURCE
> Task :classes UP-TO-DATE
> Task :jar UP-TO-DATE

[Incubating] Problems report is available at: file:///mnt/d/workspace/jiran/realm/.omx/team/g003-gradle-9-indepen-6fc3cb75/worktrees/worker-3/realm-transformer/build/reports/problems/problems-report.html

Deprecated Gradle features were used in this build, making it incompatible with Gradle 10.

You can use '--warning-mode all' to show the individual deprecation warnings and determine if they come from your own scripts or plugins.

For more on this, please refer to https://docs.gradle.org/9.6.1/userguide/command_line_interface.html#sec:command_line_warnings in the Gradle documentation.

BUILD SUCCESSFUL in 7s
4 actionable tasks: 1 executed, 3 up-to-date
Consider enabling configuration cache to speed up this build: https://docs.gradle.org/9.6.1/userguide/configuration_cache_enabling.html
To honour the JVM settings for this build a single-use Daemon process will be forked. For more on this, please refer to https://docs.gradle.org/9.6.1/userguide/gradle_daemon.html#sec:disabling_the_daemon in the Gradle documentation.
Daemon will be stopped at the end of the build 
Calculating task graph as no cached configuration is available for tasks: :app:tasks --all

[Incubating] Problems report is available at: file:///tmp/tmp.fVzaoxesnh/build/reports/problems/problems-report.html

FAILURE: Build failed with an exception.

* Where:
Build file '/tmp/tmp.fVzaoxesnh/app/build.gradle' line: 15

* What went wrong:
A problem occurred evaluating project ':app'.
> Extension of type 'SdkComponents' does not exist. Currently registered extension types: [ExtraPropertiesExtension, VersionCatalogsExtension, BasePluginExtension, SourceSetContainer, ReportingExtension, JavaToolchainService, JavaPluginExtension, KotlinAndroidProjectExtension, ApplicationExtension, ApplicationAndroidComponentsExtension, LintLifecycleExtension]

* Try:
> Run with --stacktrace option to get the stack trace.
> Run with --info or --debug option to get more log output.
> Run with --scan to get full insights from a Build Scan (powered by Develocity).
> Get more help at https://help.gradle.org.

Deprecated Gradle features were used in this build, making it incompatible with Gradle 10.

You can use '--warning-mode all' to show the individual deprecation warnings and determine if they come from your own scripts or plugins.

For more on this, please refer to https://docs.gradle.org/9.6.1/userguide/command_line_interface.html#sec:command_line_warnings in the Gradle documentation.

BUILD FAILED in 4s
Configuration cache entry stored.
G004 transformer public-API verification: application/java first configuration failed
fixture_exit=1
