===== fork-package 2026-07-17T14:11:39+09:00 =====
+ /home/leminity/Android/Sdk/platform-tools/adb -s emulator-5654 shell dumpsys package io.realm.ac08.fork 
Domain verification status:

Key Set Manager:
  [io.realm.ac08.fork]
      Signing KeySets: 67

Packages:
  Package [io.realm.ac08.fork] (1afc341):
    appId=10242
    pccId=-1
    pkg=Package{cb0d35d io.realm.ac08.fork}
    codePath=/data/app/~~e1JVIo6XsqEwN5zu9HJv6g==/io.realm.ac08.fork-QhiSuR2-lNxywmdidIgqbQ==
    resourcePath=/data/app/~~e1JVIo6XsqEwN5zu9HJv6g==/io.realm.ac08.fork-QhiSuR2-lNxywmdidIgqbQ==
    legacyNativeLibraryDir=/data/app/~~e1JVIo6XsqEwN5zu9HJv6g==/io.realm.ac08.fork-QhiSuR2-lNxywmdidIgqbQ==/lib
    extractNativeLibs=true
    primaryCpuAbi=x86_64
    secondaryCpuAbi=null
    cpuAbiOverride=null
    versionCode=1 minSdk=21 targetSdk=37
    minExtensionVersions=[]
    versionName=1.0
    hiddenApiEnforcementPolicy=2
    usesNonSdkApi=false
    splits=[base]
    apkSigningVersion=2
    flags=[ DEBUGGABLE HAS_CODE ALLOW_CLEAR_USER_DATA ALLOW_BACKUP KILL_AFTER_RESTORE ]
    privateFlags=[ PRIVATE_FLAG_ACTIVITIES_RESIZE_MODE_RESIZEABLE_VIA_SDK_VERSION ALLOW_AUDIO_PLAYBACK_CAPTURE PRIVATE_FLAG_ALLOW_NATIVE_HEAP_POINTER_TAGGING ]
    forceQueryable=false
    pageSizeCompat=0
    scannedAsStoppedSystemApp=false
    supportsScreens=[small, medium, large, xlarge, resizeable, anyDensity]
    timeStamp=2026-07-17 05:11:34
    lastUpdateTime=2026-07-17 05:11:35
    installerPackageName=null
    installerPackageUid=-1
    initiatingPackageName=com.android.shell
    originatingPackageName=null
    packageSource=1
    appMetadataFilePath=null
    appMetadataSource=0
    signatures=PackageSignatures{f8d7ade version:2, signatures:[9d1750ac], past signatures:[]}
    installPermissionsFixed=false
    pkgFlags=[ DEBUGGABLE HAS_CODE ALLOW_CLEAR_USER_DATA ALLOW_BACKUP KILL_AFTER_RESTORE ]
    privatePkgFlags=[ PRIVATE_FLAG_ACTIVITIES_RESIZE_MODE_RESIZEABLE_VIA_SDK_VERSION ALLOW_AUDIO_PLAYBACK_CAPTURE PRIVATE_FLAG_ALLOW_NATIVE_HEAP_POINTER_TAGGING ]
    apexModuleName=null
    User 0: ceDataInode=360803 deDataInode=66242 pccCeDataInode=0 pccDeDataInode=0 installed=true hidden=false suspended=false appLockEnabled=false distractionFlags=0 stopped=false notLaunched=false enabled=0 instant=false virtual=false quarantined=false
      installReason=0
      dataDir=/data/user/0/io.realm.ac08.fork
      firstInstallTime=2026-07-17 00:32:43
      uninstallReason=0
      overlay paths:
        /product/overlay/EmulationPixel6/EmulationPixel6Overlay.apk
        /product/overlay/NavigationBarModeGestural/NavigationBarModeGesturalOverlay.apk
      legacy overlay paths:
        /product/overlay/EmulationPixel6/EmulationPixel6Overlay.apk
        /product/overlay/NavigationBarModeGestural/NavigationBarModeGesturalOverlay.apk
      runtime permissions:

Queries:
  system apps queryable: false
  queries via forceQueryable:
  queries via package name:
    io.realm.ac08.fork:
      io.realm.ac08.fork.test
    io.realm.ac08.fork.test:
      io.realm.ac08.fork
  queries via component:
  queryable via interaction:
    User 0:
  queryable via uses-library:

Dexopt state:
  [io.realm.ac08.fork]
    path: /data/app/~~e1JVIo6XsqEwN5zu9HJv6g==/io.realm.ac08.fork-QhiSuR2-lNxywmdidIgqbQ==/base.apk
      x86_64: [status=run-from-apk] [reason=unknown] [primary-abi]
        [location is error]
[exit=0]
