===== g008-artifact-manifest 2026-07-17T14:11:35+09:00 =====
+ find /mnt/d/workspace/jiran/realm/build/g008-root-final-stage-run1/io/github/leminity/realm -type f -maxdepth 6 -print 
/mnt/d/workspace/jiran/realm/build/g008-root-final-stage-run1/io/github/leminity/realm/realm-android-kotlin-extensions/10.19.0-agp9.1/realm-android-kotlin-extensions-10.19.0-agp9.1-javadoc.jar
/mnt/d/workspace/jiran/realm/build/g008-root-final-stage-run1/io/github/leminity/realm/realm-android-kotlin-extensions/10.19.0-agp9.1/realm-android-kotlin-extensions-10.19.0-agp9.1-javadoc.jar.asc
/mnt/d/workspace/jiran/realm/build/g008-root-final-stage-run1/io/github/leminity/realm/realm-android-kotlin-extensions/10.19.0-agp9.1/realm-android-kotlin-extensions-10.19.0-agp9.1-javadoc.jar.md5
/mnt/d/workspace/jiran/realm/build/g008-root-final-stage-run1/io/github/leminity/realm/realm-android-kotlin-extensions/10.19.0-agp9.1/realm-android-kotlin-extensions-10.19.0-agp9.1-javadoc.jar.sha1
/mnt/d/workspace/jiran/realm/build/g008-root-final-stage-run1/io/github/leminity/realm/realm-android-kotlin-extensions/10.19.0-agp9.1/realm-android-kotlin-extensions-10.19.0-agp9.1-javadoc.jar.sha256
/mnt/d/workspace/jiran/realm/build/g008-root-final-stage-run1/io/github/leminity/realm/realm-android-kotlin-extensions/10.19.0-agp9.1/realm-android-kotlin-extensions-10.19.0-agp9.1-javadoc.jar.sha512
/mnt/d/workspace/jiran/realm/build/g008-root-final-stage-run1/io/github/leminity/realm/realm-android-kotlin-extensions/10.19.0-agp9.1/realm-android-kotlin-extensions-10.19.0-agp9.1-sources.jar
/mnt/d/workspace/jiran/realm/build/g008-root-final-stage-run1/io/github/leminity/realm/realm-android-kotlin-extensions/10.19.0-agp9.1/realm-android-kotlin-extensions-10.19.0-agp9.1-sources.jar.asc
/mnt/d/workspace/jiran/realm/build/g008-root-final-stage-run1/io/github/leminity/realm/realm-android-kotlin-extensions/10.19.0-agp9.1/realm-android-kotlin-extensions-10.19.0-agp9.1-sources.jar.md5
/mnt/d/workspace/jiran/realm/build/g008-root-final-stage-run1/io/github/leminity/realm/realm-android-kotlin-extensions/10.19.0-agp9.1/realm-android-kotlin-extensions-10.19.0-agp9.1-sources.jar.sha1
/mnt/d/workspace/jiran/realm/build/g008-root-final-stage-run1/io/github/leminity/realm/realm-android-kotlin-extensions/10.19.0-agp9.1/realm-android-kotlin-extensions-10.19.0-agp9.1-sources.jar.sha256
/mnt/d/workspace/jiran/realm/build/g008-root-final-stage-run1/io/github/leminity/realm/realm-android-kotlin-extensions/10.19.0-agp9.1/realm-android-kotlin-extensions-10.19.0-agp9.1-sources.jar.sha512
/mnt/d/workspace/jiran/realm/build/g008-root-final-stage-run1/io/github/leminity/realm/realm-android-kotlin-extensions/10.19.0-agp9.1/realm-android-kotlin-extensions-10.19.0-agp9.1.aar
/mnt/d/workspace/jiran/realm/build/g008-root-final-stage-run1/io/github/leminity/realm/realm-android-kotlin-extensions/10.19.0-agp9.1/realm-android-kotlin-extensions-10.19.0-agp9.1.aar.asc
/mnt/d/workspace/jiran/realm/build/g008-root-final-stage-run1/io/github/leminity/realm/realm-android-kotlin-extensions/10.19.0-agp9.1/realm-android-kotlin-extensions-10.19.0-agp9.1.aar.md5
/mnt/d/workspace/jiran/realm/build/g008-root-final-stage-run1/io/github/leminity/realm/realm-android-kotlin-extensions/10.19.0-agp9.1/realm-android-kotlin-extensions-10.19.0-agp9.1.aar.sha1
/mnt/d/workspace/jiran/realm/build/g008-root-final-stage-run1/io/github/leminity/realm/realm-android-kotlin-extensions/10.19.0-agp9.1/realm-android-kotlin-extensions-10.19.0-agp9.1.aar.sha256
/mnt/d/workspace/jiran/realm/build/g008-root-final-stage-run1/io/github/leminity/realm/realm-android-kotlin-extensions/10.19.0-agp9.1/realm-android-kotlin-extensions-10.19.0-agp9.1.aar.sha512
/mnt/d/workspace/jiran/realm/build/g008-root-final-stage-run1/io/github/leminity/realm/realm-android-kotlin-extensions/10.19.0-agp9.1/realm-android-kotlin-extensions-10.19.0-agp9.1.pom
/mnt/d/workspace/jiran/realm/build/g008-root-final-stage-run1/io/github/leminity/realm/realm-android-kotlin-extensions/10.19.0-agp9.1/realm-android-kotlin-extensions-10.19.0-agp9.1.pom.asc
/mnt/d/workspace/jiran/realm/build/g008-root-final-stage-run1/io/github/leminity/realm/realm-android-kotlin-extensions/10.19.0-agp9.1/realm-android-kotlin-extensions-10.19.0-agp9.1.pom.md5
/mnt/d/workspace/jiran/realm/build/g008-root-final-stage-run1/io/github/leminity/realm/realm-android-kotlin-extensions/10.19.0-agp9.1/realm-android-kotlin-extensions-10.19.0-agp9.1.pom.sha1
/mnt/d/workspace/jiran/realm/build/g008-root-final-stage-run1/io/github/leminity/realm/realm-android-kotlin-extensions/10.19.0-agp9.1/realm-android-kotlin-extensions-10.19.0-agp9.1.pom.sha256
/mnt/d/workspace/jiran/realm/build/g008-root-final-stage-run1/io/github/leminity/realm/realm-android-kotlin-extensions/10.19.0-agp9.1/realm-android-kotlin-extensions-10.19.0-agp9.1.pom.sha512
/mnt/d/workspace/jiran/realm/build/g008-root-final-stage-run1/io/github/leminity/realm/realm-android-library/10.19.0-agp9.1/realm-android-library-10.19.0-agp9.1-javadoc.jar
/mnt/d/workspace/jiran/realm/build/g008-root-final-stage-run1/io/github/leminity/realm/realm-android-library/10.19.0-agp9.1/realm-android-library-10.19.0-agp9.1-javadoc.jar.asc
/mnt/d/workspace/jiran/realm/build/g008-root-final-stage-run1/io/github/leminity/realm/realm-android-library/10.19.0-agp9.1/realm-android-library-10.19.0-agp9.1-javadoc.jar.md5
/mnt/d/workspace/jiran/realm/build/g008-root-final-stage-run1/io/github/leminity/realm/realm-android-library/10.19.0-agp9.1/realm-android-library-10.19.0-agp9.1-javadoc.jar.sha1
/mnt/d/workspace/jiran/realm/build/g008-root-final-stage-run1/io/github/leminity/realm/realm-android-library/10.19.0-agp9.1/realm-android-library-10.19.0-agp9.1-javadoc.jar.sha256
/mnt/d/workspace/jiran/realm/build/g008-root-final-stage-run1/io/github/leminity/realm/realm-android-library/10.19.0-agp9.1/realm-android-library-10.19.0-agp9.1-javadoc.jar.sha512
/mnt/d/workspace/jiran/realm/build/g008-root-final-stage-run1/io/github/leminity/realm/realm-android-library/10.19.0-agp9.1/realm-android-library-10.19.0-agp9.1-sources.jar
/mnt/d/workspace/jiran/realm/build/g008-root-final-stage-run1/io/github/leminity/realm/realm-android-library/10.19.0-agp9.1/realm-android-library-10.19.0-agp9.1-sources.jar.asc
/mnt/d/workspace/jiran/realm/build/g008-root-final-stage-run1/io/github/leminity/realm/realm-android-library/10.19.0-agp9.1/realm-android-library-10.19.0-agp9.1-sources.jar.md5
/mnt/d/workspace/jiran/realm/build/g008-root-final-stage-run1/io/github/leminity/realm/realm-android-library/10.19.0-agp9.1/realm-android-library-10.19.0-agp9.1-sources.jar.sha1
/mnt/d/workspace/jiran/realm/build/g008-root-final-stage-run1/io/github/leminity/realm/realm-android-library/10.19.0-agp9.1/realm-android-library-10.19.0-agp9.1-sources.jar.sha256
/mnt/d/workspace/jiran/realm/build/g008-root-final-stage-run1/io/github/leminity/realm/realm-android-library/10.19.0-agp9.1/realm-android-library-10.19.0-agp9.1-sources.jar.sha512
/mnt/d/workspace/jiran/realm/build/g008-root-final-stage-run1/io/github/leminity/realm/realm-android-library/10.19.0-agp9.1/realm-android-library-10.19.0-agp9.1.aar
/mnt/d/workspace/jiran/realm/build/g008-root-final-stage-run1/io/github/leminity/realm/realm-android-library/10.19.0-agp9.1/realm-android-library-10.19.0-agp9.1.aar.asc
/mnt/d/workspace/jiran/realm/build/g008-root-final-stage-run1/io/github/leminity/realm/realm-android-library/10.19.0-agp9.1/realm-android-library-10.19.0-agp9.1.aar.md5
/mnt/d/workspace/jiran/realm/build/g008-root-final-stage-run1/io/github/leminity/realm/realm-android-library/10.19.0-agp9.1/realm-android-library-10.19.0-agp9.1.aar.sha1
/mnt/d/workspace/jiran/realm/build/g008-root-final-stage-run1/io/github/leminity/realm/realm-android-library/10.19.0-agp9.1/realm-android-library-10.19.0-agp9.1.aar.sha256
/mnt/d/workspace/jiran/realm/build/g008-root-final-stage-run1/io/github/leminity/realm/realm-android-library/10.19.0-agp9.1/realm-android-library-10.19.0-agp9.1.aar.sha512
/mnt/d/workspace/jiran/realm/build/g008-root-final-stage-run1/io/github/leminity/realm/realm-android-library/10.19.0-agp9.1/realm-android-library-10.19.0-agp9.1.pom
/mnt/d/workspace/jiran/realm/build/g008-root-final-stage-run1/io/github/leminity/realm/realm-android-library/10.19.0-agp9.1/realm-android-library-10.19.0-agp9.1.pom.asc
/mnt/d/workspace/jiran/realm/build/g008-root-final-stage-run1/io/github/leminity/realm/realm-android-library/10.19.0-agp9.1/realm-android-library-10.19.0-agp9.1.pom.md5
/mnt/d/workspace/jiran/realm/build/g008-root-final-stage-run1/io/github/leminity/realm/realm-android-library/10.19.0-agp9.1/realm-android-library-10.19.0-agp9.1.pom.sha1
/mnt/d/workspace/jiran/realm/build/g008-root-final-stage-run1/io/github/leminity/realm/realm-android-library/10.19.0-agp9.1/realm-android-library-10.19.0-agp9.1.pom.sha256
/mnt/d/workspace/jiran/realm/build/g008-root-final-stage-run1/io/github/leminity/realm/realm-android-library/10.19.0-agp9.1/realm-android-library-10.19.0-agp9.1.pom.sha512
/mnt/d/workspace/jiran/realm/build/g008-root-final-stage-run1/io/github/leminity/realm/realm-annotations/10.19.0-agp9.1/realm-annotations-10.19.0-agp9.1-javadoc.jar
/mnt/d/workspace/jiran/realm/build/g008-root-final-stage-run1/io/github/leminity/realm/realm-annotations/10.19.0-agp9.1/realm-annotations-10.19.0-agp9.1-javadoc.jar.asc
/mnt/d/workspace/jiran/realm/build/g008-root-final-stage-run1/io/github/leminity/realm/realm-annotations/10.19.0-agp9.1/realm-annotations-10.19.0-agp9.1-javadoc.jar.md5
/mnt/d/workspace/jiran/realm/build/g008-root-final-stage-run1/io/github/leminity/realm/realm-annotations/10.19.0-agp9.1/realm-annotations-10.19.0-agp9.1-javadoc.jar.sha1
/mnt/d/workspace/jiran/realm/build/g008-root-final-stage-run1/io/github/leminity/realm/realm-annotations/10.19.0-agp9.1/realm-annotations-10.19.0-agp9.1-javadoc.jar.sha256
/mnt/d/workspace/jiran/realm/build/g008-root-final-stage-run1/io/github/leminity/realm/realm-annotations/10.19.0-agp9.1/realm-annotations-10.19.0-agp9.1-javadoc.jar.sha512
/mnt/d/workspace/jiran/realm/build/g008-root-final-stage-run1/io/github/leminity/realm/realm-annotations/10.19.0-agp9.1/realm-annotations-10.19.0-agp9.1-sources.jar
/mnt/d/workspace/jiran/realm/build/g008-root-final-stage-run1/io/github/leminity/realm/realm-annotations/10.19.0-agp9.1/realm-annotations-10.19.0-agp9.1-sources.jar.asc
/mnt/d/workspace/jiran/realm/build/g008-root-final-stage-run1/io/github/leminity/realm/realm-annotations/10.19.0-agp9.1/realm-annotations-10.19.0-agp9.1-sources.jar.md5
/mnt/d/workspace/jiran/realm/build/g008-root-final-stage-run1/io/github/leminity/realm/realm-annotations/10.19.0-agp9.1/realm-annotations-10.19.0-agp9.1-sources.jar.sha1
/mnt/d/workspace/jiran/realm/build/g008-root-final-stage-run1/io/github/leminity/realm/realm-annotations/10.19.0-agp9.1/realm-annotations-10.19.0-agp9.1-sources.jar.sha256
/mnt/d/workspace/jiran/realm/build/g008-root-final-stage-run1/io/github/leminity/realm/realm-annotations/10.19.0-agp9.1/realm-annotations-10.19.0-agp9.1-sources.jar.sha512
/mnt/d/workspace/jiran/realm/build/g008-root-final-stage-run1/io/github/leminity/realm/realm-annotations/10.19.0-agp9.1/realm-annotations-10.19.0-agp9.1.jar
/mnt/d/workspace/jiran/realm/build/g008-root-final-stage-run1/io/github/leminity/realm/realm-annotations/10.19.0-agp9.1/realm-annotations-10.19.0-agp9.1.jar.asc
/mnt/d/workspace/jiran/realm/build/g008-root-final-stage-run1/io/github/leminity/realm/realm-annotations/10.19.0-agp9.1/realm-annotations-10.19.0-agp9.1.jar.md5
/mnt/d/workspace/jiran/realm/build/g008-root-final-stage-run1/io/github/leminity/realm/realm-annotations/10.19.0-agp9.1/realm-annotations-10.19.0-agp9.1.jar.sha1
/mnt/d/workspace/jiran/realm/build/g008-root-final-stage-run1/io/github/leminity/realm/realm-annotations/10.19.0-agp9.1/realm-annotations-10.19.0-agp9.1.jar.sha256
/mnt/d/workspace/jiran/realm/build/g008-root-final-stage-run1/io/github/leminity/realm/realm-annotations/10.19.0-agp9.1/realm-annotations-10.19.0-agp9.1.jar.sha512
/mnt/d/workspace/jiran/realm/build/g008-root-final-stage-run1/io/github/leminity/realm/realm-annotations/10.19.0-agp9.1/realm-annotations-10.19.0-agp9.1.pom
/mnt/d/workspace/jiran/realm/build/g008-root-final-stage-run1/io/github/leminity/realm/realm-annotations/10.19.0-agp9.1/realm-annotations-10.19.0-agp9.1.pom.asc
/mnt/d/workspace/jiran/realm/build/g008-root-final-stage-run1/io/github/leminity/realm/realm-annotations/10.19.0-agp9.1/realm-annotations-10.19.0-agp9.1.pom.md5
/mnt/d/workspace/jiran/realm/build/g008-root-final-stage-run1/io/github/leminity/realm/realm-annotations/10.19.0-agp9.1/realm-annotations-10.19.0-agp9.1.pom.sha1
/mnt/d/workspace/jiran/realm/build/g008-root-final-stage-run1/io/github/leminity/realm/realm-annotations/10.19.0-agp9.1/realm-annotations-10.19.0-agp9.1.pom.sha256
/mnt/d/workspace/jiran/realm/build/g008-root-final-stage-run1/io/github/leminity/realm/realm-annotations/10.19.0-agp9.1/realm-annotations-10.19.0-agp9.1.pom.sha512
/mnt/d/workspace/jiran/realm/build/g008-root-final-stage-run1/io/github/leminity/realm/realm-annotations-processor/10.19.0-agp9.1/realm-annotations-processor-10.19.0-agp9.1-javadoc.jar
/mnt/d/workspace/jiran/realm/build/g008-root-final-stage-run1/io/github/leminity/realm/realm-annotations-processor/10.19.0-agp9.1/realm-annotations-processor-10.19.0-agp9.1-javadoc.jar.asc
/mnt/d/workspace/jiran/realm/build/g008-root-final-stage-run1/io/github/leminity/realm/realm-annotations-processor/10.19.0-agp9.1/realm-annotations-processor-10.19.0-agp9.1-javadoc.jar.md5
/mnt/d/workspace/jiran/realm/build/g008-root-final-stage-run1/io/github/leminity/realm/realm-annotations-processor/10.19.0-agp9.1/realm-annotations-processor-10.19.0-agp9.1-javadoc.jar.sha1
/mnt/d/workspace/jiran/realm/build/g008-root-final-stage-run1/io/github/leminity/realm/realm-annotations-processor/10.19.0-agp9.1/realm-annotations-processor-10.19.0-agp9.1-javadoc.jar.sha256
/mnt/d/workspace/jiran/realm/build/g008-root-final-stage-run1/io/github/leminity/realm/realm-annotations-processor/10.19.0-agp9.1/realm-annotations-processor-10.19.0-agp9.1-javadoc.jar.sha512
/mnt/d/workspace/jiran/realm/build/g008-root-final-stage-run1/io/github/leminity/realm/realm-annotations-processor/10.19.0-agp9.1/realm-annotations-processor-10.19.0-agp9.1-sources.jar
/mnt/d/workspace/jiran/realm/build/g008-root-final-stage-run1/io/github/leminity/realm/realm-annotations-processor/10.19.0-agp9.1/realm-annotations-processor-10.19.0-agp9.1-sources.jar.asc
/mnt/d/workspace/jiran/realm/build/g008-root-final-stage-run1/io/github/leminity/realm/realm-annotations-processor/10.19.0-agp9.1/realm-annotations-processor-10.19.0-agp9.1-sources.jar.md5
/mnt/d/workspace/jiran/realm/build/g008-root-final-stage-run1/io/github/leminity/realm/realm-annotations-processor/10.19.0-agp9.1/realm-annotations-processor-10.19.0-agp9.1-sources.jar.sha1
/mnt/d/workspace/jiran/realm/build/g008-root-final-stage-run1/io/github/leminity/realm/realm-annotations-processor/10.19.0-agp9.1/realm-annotations-processor-10.19.0-agp9.1-sources.jar.sha256
/mnt/d/workspace/jiran/realm/build/g008-root-final-stage-run1/io/github/leminity/realm/realm-annotations-processor/10.19.0-agp9.1/realm-annotations-processor-10.19.0-agp9.1-sources.jar.sha512
/mnt/d/workspace/jiran/realm/build/g008-root-final-stage-run1/io/github/leminity/realm/realm-annotations-processor/10.19.0-agp9.1/realm-annotations-processor-10.19.0-agp9.1.jar
/mnt/d/workspace/jiran/realm/build/g008-root-final-stage-run1/io/github/leminity/realm/realm-annotations-processor/10.19.0-agp9.1/realm-annotations-processor-10.19.0-agp9.1.jar.asc
/mnt/d/workspace/jiran/realm/build/g008-root-final-stage-run1/io/github/leminity/realm/realm-annotations-processor/10.19.0-agp9.1/realm-annotations-processor-10.19.0-agp9.1.jar.md5
/mnt/d/workspace/jiran/realm/build/g008-root-final-stage-run1/io/github/leminity/realm/realm-annotations-processor/10.19.0-agp9.1/realm-annotations-processor-10.19.0-agp9.1.jar.sha1
/mnt/d/workspace/jiran/realm/build/g008-root-final-stage-run1/io/github/leminity/realm/realm-annotations-processor/10.19.0-agp9.1/realm-annotations-processor-10.19.0-agp9.1.jar.sha256
/mnt/d/workspace/jiran/realm/build/g008-root-final-stage-run1/io/github/leminity/realm/realm-annotations-processor/10.19.0-agp9.1/realm-annotations-processor-10.19.0-agp9.1.jar.sha512
/mnt/d/workspace/jiran/realm/build/g008-root-final-stage-run1/io/github/leminity/realm/realm-annotations-processor/10.19.0-agp9.1/realm-annotations-processor-10.19.0-agp9.1.pom
/mnt/d/workspace/jiran/realm/build/g008-root-final-stage-run1/io/github/leminity/realm/realm-annotations-processor/10.19.0-agp9.1/realm-annotations-processor-10.19.0-agp9.1.pom.asc
/mnt/d/workspace/jiran/realm/build/g008-root-final-stage-run1/io/github/leminity/realm/realm-annotations-processor/10.19.0-agp9.1/realm-annotations-processor-10.19.0-agp9.1.pom.md5
/mnt/d/workspace/jiran/realm/build/g008-root-final-stage-run1/io/github/leminity/realm/realm-annotations-processor/10.19.0-agp9.1/realm-annotations-processor-10.19.0-agp9.1.pom.sha1
/mnt/d/workspace/jiran/realm/build/g008-root-final-stage-run1/io/github/leminity/realm/realm-annotations-processor/10.19.0-agp9.1/realm-annotations-processor-10.19.0-agp9.1.pom.sha256
/mnt/d/workspace/jiran/realm/build/g008-root-final-stage-run1/io/github/leminity/realm/realm-annotations-processor/10.19.0-agp9.1/realm-annotations-processor-10.19.0-agp9.1.pom.sha512
/mnt/d/workspace/jiran/realm/build/g008-root-final-stage-run1/io/github/leminity/realm/realm-gradle-plugin/10.19.0-agp9.1/realm-gradle-plugin-10.19.0-agp9.1-javadoc.jar
/mnt/d/workspace/jiran/realm/build/g008-root-final-stage-run1/io/github/leminity/realm/realm-gradle-plugin/10.19.0-agp9.1/realm-gradle-plugin-10.19.0-agp9.1-javadoc.jar.asc
/mnt/d/workspace/jiran/realm/build/g008-root-final-stage-run1/io/github/leminity/realm/realm-gradle-plugin/10.19.0-agp9.1/realm-gradle-plugin-10.19.0-agp9.1-javadoc.jar.md5
/mnt/d/workspace/jiran/realm/build/g008-root-final-stage-run1/io/github/leminity/realm/realm-gradle-plugin/10.19.0-agp9.1/realm-gradle-plugin-10.19.0-agp9.1-javadoc.jar.sha1
/mnt/d/workspace/jiran/realm/build/g008-root-final-stage-run1/io/github/leminity/realm/realm-gradle-plugin/10.19.0-agp9.1/realm-gradle-plugin-10.19.0-agp9.1-javadoc.jar.sha256
/mnt/d/workspace/jiran/realm/build/g008-root-final-stage-run1/io/github/leminity/realm/realm-gradle-plugin/10.19.0-agp9.1/realm-gradle-plugin-10.19.0-agp9.1-javadoc.jar.sha512
/mnt/d/workspace/jiran/realm/build/g008-root-final-stage-run1/io/github/leminity/realm/realm-gradle-plugin/10.19.0-agp9.1/realm-gradle-plugin-10.19.0-agp9.1-sources.jar
/mnt/d/workspace/jiran/realm/build/g008-root-final-stage-run1/io/github/leminity/realm/realm-gradle-plugin/10.19.0-agp9.1/realm-gradle-plugin-10.19.0-agp9.1-sources.jar.asc
/mnt/d/workspace/jiran/realm/build/g008-root-final-stage-run1/io/github/leminity/realm/realm-gradle-plugin/10.19.0-agp9.1/realm-gradle-plugin-10.19.0-agp9.1-sources.jar.md5
/mnt/d/workspace/jiran/realm/build/g008-root-final-stage-run1/io/github/leminity/realm/realm-gradle-plugin/10.19.0-agp9.1/realm-gradle-plugin-10.19.0-agp9.1-sources.jar.sha1
/mnt/d/workspace/jiran/realm/build/g008-root-final-stage-run1/io/github/leminity/realm/realm-gradle-plugin/10.19.0-agp9.1/realm-gradle-plugin-10.19.0-agp9.1-sources.jar.sha256
/mnt/d/workspace/jiran/realm/build/g008-root-final-stage-run1/io/github/leminity/realm/realm-gradle-plugin/10.19.0-agp9.1/realm-gradle-plugin-10.19.0-agp9.1-sources.jar.sha512
/mnt/d/workspace/jiran/realm/build/g008-root-final-stage-run1/io/github/leminity/realm/realm-gradle-plugin/10.19.0-agp9.1/realm-gradle-plugin-10.19.0-agp9.1.jar
/mnt/d/workspace/jiran/realm/build/g008-root-final-stage-run1/io/github/leminity/realm/realm-gradle-plugin/10.19.0-agp9.1/realm-gradle-plugin-10.19.0-agp9.1.jar.asc
/mnt/d/workspace/jiran/realm/build/g008-root-final-stage-run1/io/github/leminity/realm/realm-gradle-plugin/10.19.0-agp9.1/realm-gradle-plugin-10.19.0-agp9.1.jar.md5
/mnt/d/workspace/jiran/realm/build/g008-root-final-stage-run1/io/github/leminity/realm/realm-gradle-plugin/10.19.0-agp9.1/realm-gradle-plugin-10.19.0-agp9.1.jar.sha1
/mnt/d/workspace/jiran/realm/build/g008-root-final-stage-run1/io/github/leminity/realm/realm-gradle-plugin/10.19.0-agp9.1/realm-gradle-plugin-10.19.0-agp9.1.jar.sha256
/mnt/d/workspace/jiran/realm/build/g008-root-final-stage-run1/io/github/leminity/realm/realm-gradle-plugin/10.19.0-agp9.1/realm-gradle-plugin-10.19.0-agp9.1.jar.sha512
/mnt/d/workspace/jiran/realm/build/g008-root-final-stage-run1/io/github/leminity/realm/realm-gradle-plugin/10.19.0-agp9.1/realm-gradle-plugin-10.19.0-agp9.1.pom
/mnt/d/workspace/jiran/realm/build/g008-root-final-stage-run1/io/github/leminity/realm/realm-gradle-plugin/10.19.0-agp9.1/realm-gradle-plugin-10.19.0-agp9.1.pom.asc
/mnt/d/workspace/jiran/realm/build/g008-root-final-stage-run1/io/github/leminity/realm/realm-gradle-plugin/10.19.0-agp9.1/realm-gradle-plugin-10.19.0-agp9.1.pom.md5
/mnt/d/workspace/jiran/realm/build/g008-root-final-stage-run1/io/github/leminity/realm/realm-gradle-plugin/10.19.0-agp9.1/realm-gradle-plugin-10.19.0-agp9.1.pom.sha1
/mnt/d/workspace/jiran/realm/build/g008-root-final-stage-run1/io/github/leminity/realm/realm-gradle-plugin/10.19.0-agp9.1/realm-gradle-plugin-10.19.0-agp9.1.pom.sha256
/mnt/d/workspace/jiran/realm/build/g008-root-final-stage-run1/io/github/leminity/realm/realm-gradle-plugin/10.19.0-agp9.1/realm-gradle-plugin-10.19.0-agp9.1.pom.sha512
/mnt/d/workspace/jiran/realm/build/g008-root-final-stage-run1/io/github/leminity/realm/realm-transformer/10.19.0-agp9.1/realm-transformer-10.19.0-agp9.1-javadoc.jar
/mnt/d/workspace/jiran/realm/build/g008-root-final-stage-run1/io/github/leminity/realm/realm-transformer/10.19.0-agp9.1/realm-transformer-10.19.0-agp9.1-javadoc.jar.asc
/mnt/d/workspace/jiran/realm/build/g008-root-final-stage-run1/io/github/leminity/realm/realm-transformer/10.19.0-agp9.1/realm-transformer-10.19.0-agp9.1-javadoc.jar.md5
/mnt/d/workspace/jiran/realm/build/g008-root-final-stage-run1/io/github/leminity/realm/realm-transformer/10.19.0-agp9.1/realm-transformer-10.19.0-agp9.1-javadoc.jar.sha1
/mnt/d/workspace/jiran/realm/build/g008-root-final-stage-run1/io/github/leminity/realm/realm-transformer/10.19.0-agp9.1/realm-transformer-10.19.0-agp9.1-javadoc.jar.sha256
/mnt/d/workspace/jiran/realm/build/g008-root-final-stage-run1/io/github/leminity/realm/realm-transformer/10.19.0-agp9.1/realm-transformer-10.19.0-agp9.1-javadoc.jar.sha512
/mnt/d/workspace/jiran/realm/build/g008-root-final-stage-run1/io/github/leminity/realm/realm-transformer/10.19.0-agp9.1/realm-transformer-10.19.0-agp9.1-sources.jar
/mnt/d/workspace/jiran/realm/build/g008-root-final-stage-run1/io/github/leminity/realm/realm-transformer/10.19.0-agp9.1/realm-transformer-10.19.0-agp9.1-sources.jar.asc
/mnt/d/workspace/jiran/realm/build/g008-root-final-stage-run1/io/github/leminity/realm/realm-transformer/10.19.0-agp9.1/realm-transformer-10.19.0-agp9.1-sources.jar.md5
/mnt/d/workspace/jiran/realm/build/g008-root-final-stage-run1/io/github/leminity/realm/realm-transformer/10.19.0-agp9.1/realm-transformer-10.19.0-agp9.1-sources.jar.sha1
/mnt/d/workspace/jiran/realm/build/g008-root-final-stage-run1/io/github/leminity/realm/realm-transformer/10.19.0-agp9.1/realm-transformer-10.19.0-agp9.1-sources.jar.sha256
/mnt/d/workspace/jiran/realm/build/g008-root-final-stage-run1/io/github/leminity/realm/realm-transformer/10.19.0-agp9.1/realm-transformer-10.19.0-agp9.1-sources.jar.sha512
/mnt/d/workspace/jiran/realm/build/g008-root-final-stage-run1/io/github/leminity/realm/realm-transformer/10.19.0-agp9.1/realm-transformer-10.19.0-agp9.1.jar
/mnt/d/workspace/jiran/realm/build/g008-root-final-stage-run1/io/github/leminity/realm/realm-transformer/10.19.0-agp9.1/realm-transformer-10.19.0-agp9.1.jar.asc
/mnt/d/workspace/jiran/realm/build/g008-root-final-stage-run1/io/github/leminity/realm/realm-transformer/10.19.0-agp9.1/realm-transformer-10.19.0-agp9.1.jar.md5
/mnt/d/workspace/jiran/realm/build/g008-root-final-stage-run1/io/github/leminity/realm/realm-transformer/10.19.0-agp9.1/realm-transformer-10.19.0-agp9.1.jar.sha1
/mnt/d/workspace/jiran/realm/build/g008-root-final-stage-run1/io/github/leminity/realm/realm-transformer/10.19.0-agp9.1/realm-transformer-10.19.0-agp9.1.jar.sha256
/mnt/d/workspace/jiran/realm/build/g008-root-final-stage-run1/io/github/leminity/realm/realm-transformer/10.19.0-agp9.1/realm-transformer-10.19.0-agp9.1.jar.sha512
/mnt/d/workspace/jiran/realm/build/g008-root-final-stage-run1/io/github/leminity/realm/realm-transformer/10.19.0-agp9.1/realm-transformer-10.19.0-agp9.1.pom
/mnt/d/workspace/jiran/realm/build/g008-root-final-stage-run1/io/github/leminity/realm/realm-transformer/10.19.0-agp9.1/realm-transformer-10.19.0-agp9.1.pom.asc
/mnt/d/workspace/jiran/realm/build/g008-root-final-stage-run1/io/github/leminity/realm/realm-transformer/10.19.0-agp9.1/realm-transformer-10.19.0-agp9.1.pom.md5
/mnt/d/workspace/jiran/realm/build/g008-root-final-stage-run1/io/github/leminity/realm/realm-transformer/10.19.0-agp9.1/realm-transformer-10.19.0-agp9.1.pom.sha1
/mnt/d/workspace/jiran/realm/build/g008-root-final-stage-run1/io/github/leminity/realm/realm-transformer/10.19.0-agp9.1/realm-transformer-10.19.0-agp9.1.pom.sha256
/mnt/d/workspace/jiran/realm/build/g008-root-final-stage-run1/io/github/leminity/realm/realm-transformer/10.19.0-agp9.1/realm-transformer-10.19.0-agp9.1.pom.sha512
[exit=0]
