./COMMITTED: OK
./POST: OK
./PRE: OK
./ROLLBACK.md: OK
./SUMMARY.md: OK
./aar-replay.txt: OK
./ac07-audit.txt: OK
./ac08-audit.txt: OK
./ac08-checksum-replay.log: OK
./apk-replay.txt: OK
./authored-text-diff-check.txt: OK
./commit-audit.txt: OK
./device-replay.txt: OK
./digest-audit.txt: OK
./native-replay/checksum-verify.log: OK
./native-replay/raw/jni_arm64-v8a_librealm-jni.so.readelf.txt: OK
./native-replay/raw/jni_armeabi-v7a_librealm-jni.so.readelf.txt: OK
./native-replay/raw/jni_x86_64_librealm-jni.so.readelf.txt: OK
./native-replay/report.txt: OK
./privacy-scan.log: OK
./source-audit.txt: OK
./sync-replay.txt: OK
./targeted-tests.log: OK
./task3-checksum-replay.log: OK
./zipalign-p16-replay.txt: OK
