stage_root=/mnt/d/workspace/jiran/realm/.omx/team/execute-only-ultragoa-6fc3cb75/worktrees/worker-3/build/task11-20260717T005119Z
ephemeral_key_fingerprint=D0FA3D7D06BA0DF8C5BFD82D6DDFC49F950E9771
To honour the JVM settings for this build a single-use Daemon process will be forked. For more on this, please refer to https://docs.gradle.org/9.6.1/userguide/gradle_daemon.html#sec:disabling_the_daemon in the Gradle documentation.
Daemon will be stopped at the end of the build 
> Task :cleanG008LocalStaging UP-TO-DATE
> Task :realm-annotations:compileJava UP-TO-DATE
> Task :realm-annotations:processResources NO-SOURCE
> Task :realm-annotations:classes UP-TO-DATE
> Task :realm-annotations:jar UP-TO-DATE
> Task :realm-annotations:javadoc UP-TO-DATE
> Task :realm-annotations:javadocJar UP-TO-DATE
> Task :realm-annotations:sourcesJar UP-TO-DATE
> Task :realm-annotations:generateMetadataFileForRealmPublication SKIPPED
> Task :realm-annotations:generatePomFileForRealmPublication
> Task :realm-annotations:signRealmPublication
> Task :realm-annotations:publishRealmPublicationToG008LocalStagingRepository
> Task :g008PublishAnnotations
> Task :realm-transformer:checkKotlinGradlePluginConfigurationErrors SKIPPED
> Task :realm-transformer:generateVersionClass
> Task :realm-transformer:compileKotlin UP-TO-DATE
> Task :realm-transformer:compileJava UP-TO-DATE
> Task :realm-transformer:processResources NO-SOURCE
> Task :realm-transformer:classes UP-TO-DATE
> Task :realm-transformer:jar UP-TO-DATE
> Task :realm-transformer:javadoc UP-TO-DATE
> Task :realm-transformer:javadocJar UP-TO-DATE
> Task :realm-transformer:sourcesJar UP-TO-DATE
> Task :realm-transformer:generateMetadataFileForRealmPublication SKIPPED
> Task :realm-transformer:generatePomFileForRealmPublication
> Task :realm-transformer:signRealmPublication
> Task :realm-transformer:publishRealmPublicationToG008LocalStagingRepository
> Task :g008PublishTransformer
> Task :library-build-transformer:checkKotlinGradlePluginConfigurationErrors SKIPPED
> Task :library-build-transformer:compileKotlin UP-TO-DATE
> Task :library-build-transformer:compileJava NO-SOURCE
> Task :library-build-transformer:processResources NO-SOURCE
> Task :library-build-transformer:classes UP-TO-DATE
> Task :library-build-transformer:jar UP-TO-DATE
> Task :library-build-transformer:generateMetadataFileForRealmPublication
> Task :library-build-transformer:generatePomFileForRealmPublication
> Task :library-build-transformer:publishRealmPublicationToMavenLocal
> Task :library-build-transformer:publishToMavenLocal
> Task :installBuildTransformer

> Configure project :realm:kotlin-extensions
WARNING: The option setting 'android.experimental.androidTest.useUnifiedTestPlatform=false' is deprecated.
The current default is 'true'.
It will be removed in version 9.0 of the Android Gradle plugin.
WARNING: The option setting 'android.enableJetifier=true' is deprecated.
The current default is 'false'.
It will be removed in version 10.0 of the Android Gradle plugin.

> Task :realm:realm-annotations-processor:checkKotlinGradlePluginConfigurationErrors SKIPPED
> Task :realm:realm-annotations-processor:generateVersionClass
> Task :realm:realm-annotations-processor:compileKotlin UP-TO-DATE
> Task :realm:realm-annotations-processor:compileJava UP-TO-DATE
> Task :realm:realm-annotations-processor:processResources UP-TO-DATE
> Task :realm:realm-annotations-processor:classes UP-TO-DATE
> Task :realm:realm-annotations-processor:jar UP-TO-DATE
> Task :realm:realm-annotations-processor:javadoc UP-TO-DATE
> Task :realm:realm-annotations-processor:javadocJar UP-TO-DATE
> Task :realm:realm-annotations-processor:sourcesJar UP-TO-DATE
> Task :realm:realm-annotations-processor:generateMetadataFileForRealmPublication SKIPPED
> Task :realm:realm-annotations-processor:generatePomFileForRealmPublication
> Task :realm:realm-annotations-processor:signRealmPublication
> Task :realm:realm-annotations-processor:publishRealmPublicationToG008LocalStagingRepository
> Task :realm:realm-library:generatePomFileForBasePublicationPublication
> Task :realm:realm-library:javadoc UP-TO-DATE
> Task :realm:realm-library:javadocJar UP-TO-DATE
> Task :realm:realm-library:sourcesJar UP-TO-DATE
> Task :realm:realm-library:preBuild UP-TO-DATE
> Task :realm:realm-library:stageBaseReleaseJniHeaderSnapshot UP-TO-DATE
> Task :realm:realm-library:preBaseReleaseBuild UP-TO-DATE
> Task :realm:realm-library:checkBaseReleaseAarMetadata UP-TO-DATE

> Task :realm:realm-library:configureCMakeRelWithDebInfo[arm64-v8a]
[CXX5304] This version only understands SDK XML versions up to 3 but an SDK XML file of version 4 was encountered. This can happen if you use versions of Android Studio and the command-line tools that were released at different times.
[CXX5304] This version only understands SDK XML versions up to 3 but an SDK XML file of version 4 was encountered. This can happen if you use versions of Android Studio and the command-line tools that were released at different times.

> Task :g008PublishRealm

> Task :realm:realm-library:configureCMakeRelWithDebInfo[arm64-v8a]
C/C++: Build type: RelWithDebInfo
C/C++: JNI Header directory: /mnt/d/workspace/jiran/realm/.omx/team/execute-only-ultragoa-6fc3cb75/worktrees/worker-3/realm/realm-library/src/main/cpp/../../../build/intermediates/javac/baseRelease/jni_include
C/C++: Dependencies:  PACKAGE_NAME=realm-core VERSION=13.26.0 OPENSSL_VERSION=3.0.8 ZLIB_VERSION=1.2.13 BAAS_VERSION=5087ffd5a0e4975e625f0fbcceed23107f611055

> Task :realm:realm-library:buildCMakeRelWithDebInfo[arm64-v8a][realm-jni]
C/C++: ninja: Entering directory `/mnt/d/workspace/jiran/realm/.omx/team/execute-only-ultragoa-6fc3cb75/worktrees/worker-3/realm/realm-library/.cxx/RelWithDebInfo/383k3k4q/arm64-v8a'
C/C++: In file included from /mnt/d/workspace/jiran/realm/.omx/team/execute-only-ultragoa-6fc3cb75/worktrees/worker-3/realm/realm-library/src/main/cpp/realm-core/src/realm/util/bson/bson.cpp:21:
C/C++: /mnt/d/workspace/jiran/realm/.omx/team/execute-only-ultragoa-6fc3cb75/worktrees/worker-3/realm/realm-library/src/main/cpp/realm-core/src/external/json/json.hpp:24314:35: warning: identifier '_json' preceded by whitespace in a literal operator declaration is deprecated [-Wdeprecated-literal-operator]
C/C++:  24314 | inline nlohmann::json operator "" _json(const char* s, std::size_t n)
C/C++:        |                       ~~~~~~~~~~~~^~~~~
C/C++:        |                       operator""_json
C/C++: /mnt/d/workspace/jiran/realm/.omx/team/execute-only-ultragoa-6fc3cb75/worktrees/worker-3/realm/realm-library/src/main/cpp/realm-core/src/external/json/json.hpp:24322:49: warning: identifier '_json_pointer' preceded by whitespace in a literal operator declaration is deprecated [-Wdeprecated-literal-operator]
C/C++:  24322 | inline nlohmann::json::json_pointer operator "" _json_pointer(const char* s, std::size_t n)
C/C++:        |                                     ~~~~~~~~~~~~^~~~~~~~~~~~~
C/C++:        |                                     operator""_json_pointer
C/C++: /mnt/d/workspace/jiran/realm/.omx/team/execute-only-ultragoa-6fc3cb75/worktrees/worker-3/realm/realm-library/src/main/cpp/realm-core/src/external/json/json.hpp:24386:58: warning: identifier '_json' preceded by whitespace in a literal operator declaration is deprecated [-Wdeprecated-literal-operator]
C/C++:  24386 |     using nlohmann::literals::json_literals::operator "" _json; // NOLINT(misc-unused-using-decls,google-global-names-in-headers)
C/C++:        |                                              ~~~~~~~~~~~~^~~~~
C/C++:        |                                              operator""_json
C/C++: /mnt/d/workspace/jiran/realm/.omx/team/execute-only-ultragoa-6fc3cb75/worktrees/worker-3/realm/realm-library/src/main/cpp/realm-core/src/external/json/json.hpp:24387:58: warning: identifier '_json_pointer' preceded by whitespace in a literal operator declaration is deprecated [-Wdeprecated-literal-operator]
C/C++:  24387 |     using nlohmann::literals::json_literals::operator "" _json_pointer; //NOLINT(misc-unused-using-decls,google-global-names-in-headers)
C/C++:        |                                              ~~~~~~~~~~~~^~~~~~~~~~~~~
C/C++:        |                                              operator""_json_pointer
C/C++: 4 warnings generated.

> Task :realm:realm-library:configureCMakeRelWithDebInfo[armeabi-v7a]
C/C++: Build type: RelWithDebInfo
C/C++: JNI Header directory: /mnt/d/workspace/jiran/realm/.omx/team/execute-only-ultragoa-6fc3cb75/worktrees/worker-3/realm/realm-library/src/main/cpp/../../../build/intermediates/javac/baseRelease/jni_include
C/C++: Dependencies:  PACKAGE_NAME=realm-core VERSION=13.26.0 OPENSSL_VERSION=3.0.8 ZLIB_VERSION=1.2.13 BAAS_VERSION=5087ffd5a0e4975e625f0fbcceed23107f611055

> Task :realm:realm-library:buildCMakeRelWithDebInfo[armeabi-v7a][realm-jni]
C/C++: ninja: Entering directory `/mnt/d/workspace/jiran/realm/.omx/team/execute-only-ultragoa-6fc3cb75/worktrees/worker-3/realm/realm-library/.cxx/RelWithDebInfo/383k3k4q/armeabi-v7a'
C/C++: In file included from /mnt/d/workspace/jiran/realm/.omx/team/execute-only-ultragoa-6fc3cb75/worktrees/worker-3/realm/realm-library/src/main/cpp/realm-core/src/realm/util/bson/bson.cpp:21:
C/C++: /mnt/d/workspace/jiran/realm/.omx/team/execute-only-ultragoa-6fc3cb75/worktrees/worker-3/realm/realm-library/src/main/cpp/realm-core/src/external/json/json.hpp:24314:35: warning: identifier '_json' preceded by whitespace in a literal operator declaration is deprecated [-Wdeprecated-literal-operator]
C/C++:  24314 | inline nlohmann::json operator "" _json(const char* s, std::size_t n)
C/C++:        |                       ~~~~~~~~~~~~^~~~~
C/C++:        |                       operator""_json
C/C++: /mnt/d/workspace/jiran/realm/.omx/team/execute-only-ultragoa-6fc3cb75/worktrees/worker-3/realm/realm-library/src/main/cpp/realm-core/src/external/json/json.hpp:24322:49: warning: identifier '_json_pointer' preceded by whitespace in a literal operator declaration is deprecated [-Wdeprecated-literal-operator]
C/C++:  24322 | inline nlohmann::json::json_pointer operator "" _json_pointer(const char* s, std::size_t n)
C/C++:        |                                     ~~~~~~~~~~~~^~~~~~~~~~~~~
C/C++:        |                                     operator""_json_pointer
C/C++: /mnt/d/workspace/jiran/realm/.omx/team/execute-only-ultragoa-6fc3cb75/worktrees/worker-3/realm/realm-library/src/main/cpp/realm-core/src/external/json/json.hpp:24386:58: warning: identifier '_json' preceded by whitespace in a literal operator declaration is deprecated [-Wdeprecated-literal-operator]
C/C++:  24386 |     using nlohmann::literals::json_literals::operator "" _json; // NOLINT(misc-unused-using-decls,google-global-names-in-headers)
C/C++:        |                                              ~~~~~~~~~~~~^~~~~
C/C++:        |                                              operator""_json
C/C++: /mnt/d/workspace/jiran/realm/.omx/team/execute-only-ultragoa-6fc3cb75/worktrees/worker-3/realm/realm-library/src/main/cpp/realm-core/src/external/json/json.hpp:24387:58: warning: identifier '_json_pointer' preceded by whitespace in a literal operator declaration is deprecated [-Wdeprecated-literal-operator]
C/C++:  24387 |     using nlohmann::literals::json_literals::operator "" _json_pointer; //NOLINT(misc-unused-using-decls,google-global-names-in-headers)
C/C++:        |                                              ~~~~~~~~~~~~^~~~~~~~~~~~~
C/C++:        |                                              operator""_json_pointer
C/C++: 4 warnings generated.

> Task :realm:realm-library:configureCMakeRelWithDebInfo[x86_64]
C/C++: Build type: RelWithDebInfo
C/C++: JNI Header directory: /mnt/d/workspace/jiran/realm/.omx/team/execute-only-ultragoa-6fc3cb75/worktrees/worker-3/realm/realm-library/src/main/cpp/../../../build/intermediates/javac/baseRelease/jni_include
C/C++: Dependencies:  PACKAGE_NAME=realm-core VERSION=13.26.0 OPENSSL_VERSION=3.0.8 ZLIB_VERSION=1.2.13 BAAS_VERSION=5087ffd5a0e4975e625f0fbcceed23107f611055

> Task :realm:realm-library:buildCMakeRelWithDebInfo[x86_64][realm-jni]
C/C++: ninja: Entering directory `/mnt/d/workspace/jiran/realm/.omx/team/execute-only-ultragoa-6fc3cb75/worktrees/worker-3/realm/realm-library/.cxx/RelWithDebInfo/383k3k4q/x86_64'
C/C++: In file included from /mnt/d/workspace/jiran/realm/.omx/team/execute-only-ultragoa-6fc3cb75/worktrees/worker-3/realm/realm-library/src/main/cpp/realm-core/src/realm/util/bson/bson.cpp:21:
C/C++: /mnt/d/workspace/jiran/realm/.omx/team/execute-only-ultragoa-6fc3cb75/worktrees/worker-3/realm/realm-library/src/main/cpp/realm-core/src/external/json/json.hpp:24314:35: warning: identifier '_json' preceded by whitespace in a literal operator declaration is deprecated [-Wdeprecated-literal-operator]
C/C++:  24314 | inline nlohmann::json operator "" _json(const char* s, std::size_t n)
C/C++:        |                       ~~~~~~~~~~~~^~~~~
C/C++:        |                       operator""_json
C/C++: /mnt/d/workspace/jiran/realm/.omx/team/execute-only-ultragoa-6fc3cb75/worktrees/worker-3/realm/realm-library/src/main/cpp/realm-core/src/external/json/json.hpp:24322:49: warning: identifier '_json_pointer' preceded by whitespace in a literal operator declaration is deprecated [-Wdeprecated-literal-operator]
C/C++:  24322 | inline nlohmann::json::json_pointer operator "" _json_pointer(const char* s, std::size_t n)
C/C++:        |                                     ~~~~~~~~~~~~^~~~~~~~~~~~~
C/C++:        |                                     operator""_json_pointer
C/C++: /mnt/d/workspace/jiran/realm/.omx/team/execute-only-ultragoa-6fc3cb75/worktrees/worker-3/realm/realm-library/src/main/cpp/realm-core/src/external/json/json.hpp:24386:58: warning: identifier '_json' preceded by whitespace in a literal operator declaration is deprecated [-Wdeprecated-literal-operator]
C/C++:  24386 |     using nlohmann::literals::json_literals::operator "" _json; // NOLINT(misc-unused-using-decls,google-global-names-in-headers)
C/C++:        |                                              ~~~~~~~~~~~~^~~~~
C/C++:        |                                              operator""_json
C/C++: /mnt/d/workspace/jiran/realm/.omx/team/execute-only-ultragoa-6fc3cb75/worktrees/worker-3/realm/realm-library/src/main/cpp/realm-core/src/external/json/json.hpp:24387:58: warning: identifier '_json_pointer' preceded by whitespace in a literal operator declaration is deprecated [-Wdeprecated-literal-operator]
C/C++:  24387 |     using nlohmann::literals::json_literals::operator "" _json_pointer; //NOLINT(misc-unused-using-decls,google-global-names-in-headers)
C/C++:        |                                              ~~~~~~~~~~~~^~~~~~~~~~~~~
C/C++:        |                                              operator""_json_pointer
C/C++: 4 warnings generated.

> Task :realm:realm-library:mergeBaseReleaseJniLibFolders
> Task :realm:realm-library:generateBaseReleaseBuildConfig UP-TO-DATE
> Task :realm:realm-library:generateBaseReleaseResources UP-TO-DATE
> Task :realm:realm-library:packageBaseReleaseResources UP-TO-DATE
> Task :realm:realm-library:processBaseReleaseNavigationResources UP-TO-DATE
> Task :realm:realm-library:parseBaseReleaseLocalResources UP-TO-DATE
> Task :realm:realm-library:generateBaseReleaseRFile UP-TO-DATE
> Task :realm:realm-library:extractBaseReleaseAnnotations FROM-CACHE
> Task :realm:realm-library:extractDeepLinksForAarBaseRelease FROM-CACHE
> Task :realm:realm-library:generateBaseReleaseAssets UP-TO-DATE
> Task :realm:realm-library:mergeBaseReleaseAssets
> Task :realm:realm-library:cleanBaseReleaseJniHeaderValidation
> Task :realm:realm-library:mergeBaseReleaseNativeLibs
> Task :realm:realm-library:kaptGenerateStubsBaseReleaseKotlin UP-TO-DATE
> Task :realm:realm-library:kaptBaseReleaseKotlin UP-TO-DATE
> Task :realm:realm-library:stripBaseReleaseDebugSymbols
> Task :realm:realm-library:compileBaseReleaseKotlin UP-TO-DATE
> Task :realm:realm-library:javaPreCompileBaseRelease UP-TO-DATE
> Task :realm:realm-library:copyBaseReleaseJniLibsProjectAndLocalJars
> Task :realm:realm-library:compileBaseReleaseJavaWithJavac
> Task :realm:realm-library:compileBaseReleaseJavaWithJavac FROM-CACHE
> Task :realm:realm-library:baseReleaseRealmBuildTransformer UP-TO-DATE
> Task :realm:realm-library:mergeBaseReleaseGeneratedProguardFiles
> Task :realm:realm-library:mergeBaseReleaseConsumerProguardFiles
> Task :realm:realm-library:prepareBaseReleaseArtProfile
> Task :realm:realm-library:prepareLintJarForPublish
> Task :realm:realm-library:processBaseReleaseManifest FROM-CACHE
> Task :realm:realm-library:processBaseReleaseJavaRes
> Task :realm:realm-library:writeBaseReleaseAarMetadata UP-TO-DATE
> Task :realm:kotlin-extensions:preBuild UP-TO-DATE
> Task :realm:kotlin-extensions:preBaseReleaseBuild UP-TO-DATE
> Task :realm:kotlin-extensions:checkBaseReleaseAarMetadata UP-TO-DATE
> Task :realm:kotlin-extensions:mergeBaseReleaseJniLibFolders UP-TO-DATE
> Task :realm:kotlin-extensions:mergeBaseReleaseNativeLibs NO-SOURCE
> Task :realm:kotlin-extensions:stripBaseReleaseDebugSymbols NO-SOURCE
> Task :realm:kotlin-extensions:copyBaseReleaseJniLibsProjectAndLocalJars UP-TO-DATE
> Task :realm:kotlin-extensions:generateBaseReleaseBuildConfig UP-TO-DATE
> Task :realm:kotlin-extensions:generateBaseReleaseResources UP-TO-DATE
> Task :realm:kotlin-extensions:packageBaseReleaseResources UP-TO-DATE
> Task :realm:kotlin-extensions:processBaseReleaseNavigationResources UP-TO-DATE
> Task :realm:kotlin-extensions:parseBaseReleaseLocalResources UP-TO-DATE
> Task :realm:kotlin-extensions:generateBaseReleaseRFile UP-TO-DATE
> Task :realm:realm-library:bundleLibCompileToJarBaseRelease UP-TO-DATE
> Task :realm:kotlin-extensions:extractBaseReleaseAnnotations UP-TO-DATE
> Task :realm:kotlin-extensions:extractDeepLinksForAarBaseRelease UP-TO-DATE
> Task :realm:kotlin-extensions:generateBaseReleaseAssets UP-TO-DATE
> Task :realm:kotlin-extensions:mergeBaseReleaseAssets UP-TO-DATE
> Task :realm:realm-library:mergeBaseReleaseJavaResource
> Task :realm:kotlin-extensions:kaptGenerateStubsBaseReleaseKotlin UP-TO-DATE
> Task :realm:realm-library:syncBaseReleaseLibJars FROM-CACHE
> Task :realm:realm-library:bundleBaseReleaseAar
> Task :realm:realm-library:verifyBaseReleaseJniHeaders
> Task :realm:realm-library:signBasePublicationPublication
> Task :realm:realm-library:publishBasePublicationPublicationToG008LocalStagingRepository
> Task :realm:kotlin-extensions:kaptBaseReleaseKotlin SKIPPED
> Task :realm:kotlin-extensions:compileBaseReleaseKotlin UP-TO-DATE
> Task :realm:kotlin-extensions:javaPreCompileBaseRelease UP-TO-DATE
> Task :realm:kotlin-extensions:compileBaseReleaseJavaWithJavac UP-TO-DATE
> Task :realm:kotlin-extensions:mergeBaseReleaseGeneratedProguardFiles UP-TO-DATE
> Task :realm:kotlin-extensions:mergeBaseReleaseConsumerProguardFiles UP-TO-DATE
> Task :realm:kotlin-extensions:prepareBaseReleaseArtProfile UP-TO-DATE
> Task :realm:kotlin-extensions:prepareLintJarForPublish UP-TO-DATE
> Task :realm:kotlin-extensions:processBaseReleaseManifest UP-TO-DATE
> Task :realm:kotlin-extensions:processBaseReleaseJavaRes UP-TO-DATE
> Task :realm:kotlin-extensions:mergeBaseReleaseJavaResource UP-TO-DATE
> Task :realm:kotlin-extensions:syncBaseReleaseLibJars UP-TO-DATE
> Task :realm:kotlin-extensions:writeBaseReleaseAarMetadata UP-TO-DATE
> Task :realm:kotlin-extensions:bundleBaseReleaseAar UP-TO-DATE
> Task :realm:kotlin-extensions:generatePomFileForRealmPublication
> Task :realm:kotlin-extensions:dokkaHtml UP-TO-DATE
> Task :realm:kotlin-extensions:javadocJar UP-TO-DATE
> Task :realm:kotlin-extensions:sourcesJar UP-TO-DATE
> Task :realm:kotlin-extensions:signRealmPublication
> Task :realm:kotlin-extensions:publishRealmPublicationToG008LocalStagingRepository
> Task :gradle-plugin:checkKotlinGradlePluginConfigurationErrors SKIPPED
> Task :gradle-plugin:generateVersionClass
> Task :gradle-plugin:compileKotlin FROM-CACHE
> Task :gradle-plugin:compileJava NO-SOURCE
> Task :gradle-plugin:compileGroovy NO-SOURCE
> Task :gradle-plugin:pluginDescriptors
> Task :gradle-plugin:processResources
> Task :gradle-plugin:classes
> Task :gradle-plugin:jar
> Task :gradle-plugin:javadoc NO-SOURCE
> Task :gradle-plugin:javadocJar
> Task :gradle-plugin:sourcesJar
> Task :gradle-plugin:generateMetadataFileForRealmPublication SKIPPED
> Task :gradle-plugin:generatePomFileForRealmPublication
> Task :gradle-plugin:signRealmPublication
> Task :gradle-plugin:publishRealmPublicationToG008LocalStagingRepository
> Task :g008PublishGradlePlugin
> Task :g008PublishLocal
> Task :g008VerifyLocalStaging
> Task :g008Bundle FAILED

[Incubating] Problems report is available at: file:///mnt/d/workspace/jiran/realm/.omx/team/execute-only-ultragoa-6fc3cb75/worktrees/worker-3/build/reports/problems/problems-report.html

FAILURE: Build failed with an exception.

* Where:
Build file '/mnt/d/workspace/jiran/realm/.omx/team/execute-only-ultragoa-6fc3cb75/worktrees/worker-3/build.gradle' line: 389

* What went wrong:
Execution failed for task ':g008Bundle' (registered in build file 'build.gradle').
> Process 'command 'python3'' finished with non-zero exit value 1

* Try:
> Run with --stacktrace option to get the stack trace.
> Run with --info or --debug option to get more log output.
> Run with --scan to get full insights from a Build Scan (powered by Develocity).
> Get more help at https://help.gradle.org.

Deprecated Gradle features were used in this build, making it incompatible with Gradle 10.

You can use '--warning-mode all' to show the individual deprecation warnings and determine if they come from your own scripts or plugins.

For more on this, please refer to https://docs.gradle.org/9.6.1/userguide/command_line_interface.html#sec:command_line_warnings in the Gradle documentation.

BUILD FAILED in 15m 19s
8 actionable tasks: 7 executed, 1 up-to-date
g008_bundle_exit=1
