To honour the JVM settings for this build a single-use Daemon process will be forked. For more on this, please refer to https://docs.gradle.org/9.6.1/userguide/gradle_daemon.html#sec:disabling_the_daemon in the Gradle documentation.
Daemon will be stopped at the end of the build
> Task :cleanG008LocalStaging
> Task :realm-annotations:compileJava UP-TO-DATE
> Task :realm-annotations:processResources NO-SOURCE
> Task :realm-annotations:classes UP-TO-DATE
> Task :realm-annotations:jar
> Task :realm-annotations:javadoc UP-TO-DATE
> Task :realm-annotations:javadocJar
> Task :realm-annotations:sourcesJar
> Task :realm-annotations:generateMetadataFileForRealmPublication SKIPPED
> Task :realm-annotations:generatePomFileForRealmPublication
> Task :realm-annotations:signRealmPublication
> Task :realm-annotations:publishRealmPublicationToG008LocalStagingRepository
> Task :g008PublishAnnotations
> Task :realm-transformer:checkKotlinGradlePluginConfigurationErrors SKIPPED
> Task :realm-transformer:generateVersionClass
> Task :realm-transformer:compileKotlin UP-TO-DATE
> Task :realm-transformer:compileJava UP-TO-DATE
> Task :realm-transformer:processResources NO-SOURCE
> Task :realm-transformer:classes UP-TO-DATE
> Task :realm-transformer:jar

> Task :realm-transformer:javadoc
/mnt/d/workspace/jiran/realm/.omx/team/execute-only-ultragoa-6fc3cb75/worktrees/worker-3/realm-transformer/src/main/java/io/realm/gradle/RealmPluginExtension.java:24: warning: no comment
public class RealmPluginExtension {
       ^
/mnt/d/workspace/jiran/realm/.omx/team/execute-only-ultragoa-6fc3cb75/worktrees/worker-3/realm-transformer/src/main/java/io/realm/gradle/RealmPluginExtension.java:38: warning: no comment
    public boolean isKotlinExtensionsEnabled() {
                   ^
/mnt/d/workspace/jiran/realm/.omx/team/execute-only-ultragoa-6fc3cb75/worktrees/worker-3/realm-transformer/src/main/java/io/realm/gradle/RealmPluginExtension.java:29: warning: no comment
    public boolean isSyncEnabled() {
                   ^
/mnt/d/workspace/jiran/realm/.omx/team/execute-only-ultragoa-6fc3cb75/worktrees/worker-3/realm-transformer/src/main/java/io/realm/gradle/RealmPluginExtension.java:42: warning: no comment
    public void setKotlinExtensionsEnabled(boolean kotlinExtensionsEnabled) {
                ^
/mnt/d/workspace/jiran/realm/.omx/team/execute-only-ultragoa-6fc3cb75/worktrees/worker-3/realm-transformer/src/main/java/io/realm/gradle/RealmPluginExtension.java:33: warning: no comment
    public void setSyncEnabled(boolean syncEnabled) {
                ^
/mnt/d/workspace/jiran/realm/.omx/team/execute-only-ultragoa-6fc3cb75/worktrees/worker-3/realm-transformer/src/main/java/io/realm/transformer/Utils.java:42: warning: no description for @throws
     * @throws NoSuchAlgorithmException
       ^
/mnt/d/workspace/jiran/realm/.omx/team/execute-only-ultragoa-6fc3cb75/worktrees/worker-3/realm-transformer/src/main/java/io/realm/transformer/Utils.java:26: warning: no comment
public class Utils {
       ^
/mnt/d/workspace/jiran/realm/.omx/team/execute-only-ultragoa-6fc3cb75/worktrees/worker-3/realm-transformer/src/main/java/io/realm/transformer/Utils.java:63: warning: no comment
    public static boolean isSyncEnabled(Project project) {
                          ^
/mnt/d/workspace/jiran/realm/.omx/team/execute-only-ultragoa-6fc3cb75/worktrees/worker-3/realm-transformer/build/generated-src/main/java/io/realm/transformer/Version.java:3: warning: no comment
public class Version {
       ^
/mnt/d/workspace/jiran/realm/.omx/team/execute-only-ultragoa-6fc3cb75/worktrees/worker-3/realm-transformer/build/generated-src/main/java/io/realm/transformer/Version.java:5: warning: no comment
    public static final String SYNC_VERSION = "13.26.0";
                               ^
/mnt/d/workspace/jiran/realm/.omx/team/execute-only-ultragoa-6fc3cb75/worktrees/worker-3/realm-transformer/build/generated-src/main/java/io/realm/transformer/Version.java:4: warning: no comment
    public static final String VERSION = "10.19.0-agp9.1";
                               ^
11 warnings

> Task :realm-transformer:javadocJar
> Task :realm-transformer:sourcesJar
> Task :realm-transformer:generateMetadataFileForRealmPublication SKIPPED
> Task :realm-transformer:generatePomFileForRealmPublication
> Task :realm-transformer:signRealmPublication
> Task :realm-transformer:publishRealmPublicationToG008LocalStagingRepository
> Task :g008PublishTransformer
> Task :library-build-transformer:checkKotlinGradlePluginConfigurationErrors SKIPPED
> Task :library-build-transformer:compileKotlin UP-TO-DATE
> Task :library-build-transformer:compileJava NO-SOURCE
> Task :library-build-transformer:processResources NO-SOURCE
> Task :library-build-transformer:classes UP-TO-DATE
> Task :library-build-transformer:jar UP-TO-DATE
> Task :library-build-transformer:generateMetadataFileForRealmPublication
> Task :library-build-transformer:generatePomFileForRealmPublication
> Task :library-build-transformer:publishRealmPublicationToMavenLocal
> Task :library-build-transformer:publishToMavenLocal
> Task :installBuildTransformer

> Configure project :realm:kotlin-extensions
WARNING: The option setting 'android.experimental.androidTest.useUnifiedTestPlatform=false' is deprecated.
The current default is 'true'.
It will be removed in version 9.0 of the Android Gradle plugin.
WARNING: The option setting 'android.enableJetifier=true' is deprecated.
The current default is 'false'.
It will be removed in version 10.0 of the Android Gradle plugin.

> Task :realm:realm-annotations-processor:checkKotlinGradlePluginConfigurationErrors SKIPPED
> Task :realm:realm-annotations-processor:generateVersionClass
> Task :realm:realm-annotations-processor:processResources UP-TO-DATE
> Task :realm:realm-annotations-processor:sourcesJar
> Task :realm:realm-annotations-processor:generatePomFileForRealmPublication
> Task :realm:realm-library:generatePomFileForBasePublicationPublication

> Task :realm:realm-library:javadoc
/mnt/d/workspace/jiran/realm/.omx/team/execute-only-ultragoa-6fc3cb75/worktrees/worker-3/realm/realm-library/src/main/java/io/realm/BaseRealm.java:29: error: package javax.annotation does not exist
import javax.annotation.Nullable;
                       ^
/mnt/d/workspace/jiran/realm/.omx/team/execute-only-ultragoa-6fc3cb75/worktrees/worker-3/realm/realm-library/src/main/java/io/realm/BaseRealm.java:31: error: package io.reactivex does not exist
import io.reactivex.Flowable;
                   ^
/mnt/d/workspace/jiran/realm/.omx/team/execute-only-ultragoa-6fc3cb75/worktrees/worker-3/realm/realm-library/src/main/java/io/realm/BaseRealm.java:35: error: package io.realm.internal does not exist
import io.realm.internal.CheckedRow;
                        ^
/mnt/d/workspace/jiran/realm/.omx/team/execute-only-ultragoa-6fc3cb75/worktrees/worker-3/realm/realm-library/src/main/java/io/realm/BaseRealm.java:36: error: package io.realm.internal does not exist
import io.realm.internal.ColumnInfo;
                        ^
/mnt/d/workspace/jiran/realm/.omx/team/execute-only-ultragoa-6fc3cb75/worktrees/worker-3/realm/realm-library/src/main/java/io/realm/BaseRealm.java:37: error: package io.realm.internal does not exist
import io.realm.internal.InvalidRow;
                        ^
/mnt/d/workspace/jiran/realm/.omx/team/execute-only-ultragoa-6fc3cb75/worktrees/worker-3/realm/realm-library/src/main/java/io/realm/BaseRealm.java:38: error: package io.realm.internal does not exist
import io.realm.internal.OsObjectStore;
                        ^
/mnt/d/workspace/jiran/realm/.omx/team/execute-only-ultragoa-6fc3cb75/worktrees/worker-3/realm/realm-library/src/main/java/io/realm/BaseRealm.java:39: error: package io.realm.internal does not exist
import io.realm.internal.OsRealmConfig;
                        ^
/mnt/d/workspace/jiran/realm/.omx/team/execute-only-ultragoa-6fc3cb75/worktrees/worker-3/realm/realm-library/src/main/java/io/realm/BaseRealm.java:40: error: package io.realm.internal does not exist
import io.realm.internal.OsSchemaInfo;
                        ^
/mnt/d/workspace/jiran/realm/.omx/team/execute-only-ultragoa-6fc3cb75/worktrees/worker-3/realm/realm-library/src/main/java/io/realm/BaseRealm.java:41: error: package io.realm.internal does not exist
import io.realm.internal.OsSharedRealm;
                        ^
/mnt/d/workspace/jiran/realm/.omx/team/execute-only-ultragoa-6fc3cb75/worktrees/worker-3/realm/realm-library/src/main/java/io/realm/BaseRealm.java:42: error: package io.realm.internal does not exist
import io.realm.internal.RealmObjectProxy;
                        ^
/mnt/d/workspace/jiran/realm/.omx/team/execute-only-ultragoa-6fc3cb75/worktrees/worker-3/realm/realm-library/src/main/java/io/realm/BaseRealm.java:43: error: package io.realm.internal does not exist
import io.realm.internal.RealmProxyMediator;
                        ^
/mnt/d/workspace/jiran/realm/.omx/team/execute-only-ultragoa-6fc3cb75/worktrees/worker-3/realm/realm-library/src/main/java/io/realm/BaseRealm.java:44: error: package io.realm.internal does not exist
import io.realm.internal.Row;
                        ^
/mnt/d/workspace/jiran/realm/.omx/team/execute-only-ultragoa-6fc3cb75/worktrees/worker-3/realm/realm-library/src/main/java/io/realm/BaseRealm.java:45: error: package io.realm.internal does not exist
import io.realm.internal.Table;
                        ^
/mnt/d/workspace/jiran/realm/.omx/team/execute-only-ultragoa-6fc3cb75/worktrees/worker-3/realm/realm-library/src/main/java/io/realm/BaseRealm.java:46: error: package io.realm.internal does not exist
import io.realm.internal.UncheckedRow;
                        ^
/mnt/d/workspace/jiran/realm/.omx/team/execute-only-ultragoa-6fc3cb75/worktrees/worker-3/realm/realm-library/src/main/java/io/realm/BaseRealm.java:47: error: package io.realm.internal does not exist
import io.realm.internal.Util;
                        ^
/mnt/d/workspace/jiran/realm/.omx/team/execute-only-ultragoa-6fc3cb75/worktrees/worker-3/realm/realm-library/src/main/java/io/realm/BaseRealm.java:48: error: package io.realm.internal.annotations does not exist
import io.realm.internal.annotations.ObjectServer;
                                    ^
/mnt/d/workspace/jiran/realm/.omx/team/execute-only-ultragoa-6fc3cb75/worktrees/worker-3/realm/realm-library/src/main/java/io/realm/BaseRealm.java:49: error: package io.realm.internal.async does not exist
import io.realm.internal.async.RealmThreadPoolExecutor;
                              ^
/mnt/d/workspace/jiran/realm/.omx/team/execute-only-ultragoa-6fc3cb75/worktrees/worker-3/realm/realm-library/src/main/java/io/realm/BaseRealm.java:78: error: cannot find symbol
    static final RealmThreadPoolExecutor asyncTaskExecutor = RealmThreadPoolExecutor.newDefaultExecutor();
                 ^
  symbol:   class RealmThreadPoolExecutor
  location: class BaseRealm
/mnt/d/workspace/jiran/realm/.omx/team/execute-only-ultragoa-6fc3cb75/worktrees/worker-3/realm/realm-library/src/main/java/io/realm/BaseRealm.java:84: error: cannot find symbol
    public static final RealmThreadPoolExecutor WRITE_EXECUTOR = RealmThreadPoolExecutor.newSingleThreadExecutor();
                        ^
  symbol:   class RealmThreadPoolExecutor
  location: class BaseRealm
/mnt/d/workspace/jiran/realm/.omx/team/execute-only-ultragoa-6fc3cb75/worktrees/worker-3/realm/realm-library/src/main/java/io/realm/RealmConfiguration.java:30: error: package javax.annotation does not exist
import javax.annotation.Nonnull;
                       ^
/mnt/d/workspace/jiran/realm/.omx/team/execute-only-ultragoa-6fc3cb75/worktrees/worker-3/realm/realm-library/src/main/java/io/realm/RealmConfiguration.java:31: error: package javax.annotation does not exist
import javax.annotation.Nullable;
                       ^
/mnt/d/workspace/jiran/realm/.omx/team/execute-only-ultragoa-6fc3cb75/worktrees/worker-3/realm/realm-library/src/main/java/io/realm/RealmConfiguration.java:37: error: package io.realm.internal does not exist
import io.realm.internal.OsRealmConfig;
                        ^
/mnt/d/workspace/jiran/realm/.omx/team/execute-only-ultragoa-6fc3cb75/worktrees/worker-3/realm/realm-library/src/main/java/io/realm/RealmConfiguration.java:38: error: package io.realm.internal does not exist
import io.realm.internal.OsSharedRealm;
                        ^
/mnt/d/workspace/jiran/realm/.omx/team/execute-only-ultragoa-6fc3cb75/worktrees/worker-3/realm/realm-library/src/main/java/io/realm/RealmConfiguration.java:39: error: package io.realm.internal does not exist
import io.realm.internal.RealmCore;
                        ^
/mnt/d/workspace/jiran/realm/.omx/team/execute-only-ultragoa-6fc3cb75/worktrees/worker-3/realm/realm-library/src/main/java/io/realm/RealmConfiguration.java:40: error: package io.realm.internal does not exist
import io.realm.internal.RealmProxyMediator;
                        ^
/mnt/d/workspace/jiran/realm/.omx/team/execute-only-ultragoa-6fc3cb75/worktrees/worker-3/realm/realm-library/src/main/java/io/realm/RealmConfiguration.java:41: error: package io.realm.internal does not exist
import io.realm.internal.Util;
                        ^
/mnt/d/workspace/jiran/realm/.omx/team/execute-only-ultragoa-6fc3cb75/worktrees/worker-3/realm/realm-library/src/main/java/io/realm/RealmConfiguration.java:42: error: package io.realm.internal.modules does not exist
import io.realm.internal.modules.CompositeMediator;
                                ^
/mnt/d/workspace/jiran/realm/.omx/team/execute-only-ultragoa-6fc3cb75/worktrees/worker-3/realm/realm-library/src/main/java/io/realm/RealmConfiguration.java:43: error: package io.realm.internal.modules does not exist
import io.realm.internal.modules.FilterableMediator;
                                ^
/mnt/d/workspace/jiran/realm/.omx/team/execute-only-ultragoa-6fc3cb75/worktrees/worker-3/realm/realm-library/src/main/java/io/realm/RealmCache.java:40: error: package io.realm.internal does not exist
import io.realm.internal.Capabilities;
                        ^
/mnt/d/workspace/jiran/realm/.omx/team/execute-only-ultragoa-6fc3cb75/worktrees/worker-3/realm/realm-library/src/main/java/io/realm/RealmCache.java:41: error: package io.realm.internal does not exist
import io.realm.internal.ObjectServerFacade;
                        ^
/mnt/d/workspace/jiran/realm/.omx/team/execute-only-ultragoa-6fc3cb75/worktrees/worker-3/realm/realm-library/src/main/java/io/realm/RealmCache.java:42: error: package io.realm.internal does not exist
import io.realm.internal.OsObjectStore;
                        ^
/mnt/d/workspace/jiran/realm/.omx/team/execute-only-ultragoa-6fc3cb75/worktrees/worker-3/realm/realm-library/src/main/java/io/realm/RealmCache.java:43: error: package io.realm.internal does not exist
import io.realm.internal.OsRealmConfig;
                        ^
/mnt/d/workspace/jiran/realm/.omx/team/execute-only-ultragoa-6fc3cb75/worktrees/worker-3/realm/realm-library/src/main/java/io/realm/RealmCache.java:44: error: package io.realm.internal does not exist
import io.realm.internal.OsSharedRealm;
                        ^
/mnt/d/workspace/jiran/realm/.omx/team/execute-only-ultragoa-6fc3cb75/worktrees/worker-3/realm/realm-library/src/main/java/io/realm/RealmCache.java:45: error: package io.realm.internal does not exist
import io.realm.internal.RealmNotifier;
                        ^
/mnt/d/workspace/jiran/realm/.omx/team/execute-only-ultragoa-6fc3cb75/worktrees/worker-3/realm/realm-library/src/main/java/io/realm/RealmCache.java:46: error: package io.realm.internal does not exist
import io.realm.internal.Util;
                        ^
/mnt/d/workspace/jiran/realm/.omx/team/execute-only-ultragoa-6fc3cb75/worktrees/worker-3/realm/realm-library/src/main/java/io/realm/RealmCache.java:47: error: package io.realm.internal.android does not exist
import io.realm.internal.android.AndroidCapabilities;
                                ^
/mnt/d/workspace/jiran/realm/.omx/team/execute-only-ultragoa-6fc3cb75/worktrees/worker-3/realm/realm-library/src/main/java/io/realm/RealmCache.java:48: error: package io.realm.internal.android does not exist
import io.realm.internal.android.AndroidRealmNotifier;
                                ^
/mnt/d/workspace/jiran/realm/.omx/team/execute-only-ultragoa-6fc3cb75/worktrees/worker-3/realm/realm-library/src/main/java/io/realm/RealmCache.java:49: error: package io.realm.internal.async does not exist
import io.realm.internal.async.RealmAsyncTaskImpl;
                              ^
/mnt/d/workspace/jiran/realm/.omx/team/execute-only-ultragoa-6fc3cb75/worktrees/worker-3/realm/realm-library/src/main/java/io/realm/RealmCache.java:50: error: package io.realm.internal.util does not exist
import io.realm.internal.util.Pair;
                             ^
/mnt/d/workspace/jiran/realm/.omx/team/execute-only-ultragoa-6fc3cb75/worktrees/worker-3/realm/realm-library/src/main/java/io/realm/BaseRealm.java:92: error: cannot find symbol
    public OsSharedRealm sharedRealm;
           ^
  symbol:   class OsSharedRealm
  location: class BaseRealm
/mnt/d/workspace/jiran/realm/.omx/team/execute-only-ultragoa-6fc3cb75/worktrees/worker-3/realm/realm-library/src/main/java/io/realm/BaseRealm.java:94: error: package OsSharedRealm does not exist
    private OsSharedRealm.SchemaChangedCallback schemaChangedCallback = new OsSharedRealm.SchemaChangedCallback() {
                         ^
/mnt/d/workspace/jiran/realm/.omx/team/execute-only-ultragoa-6fc3cb75/worktrees/worker-3/realm/realm-library/src/main/java/io/realm/BaseRealm.java:108: error: cannot find symbol
    BaseRealm(RealmCache cache, @Nullable OsSchemaInfo schemaInfo, OsSharedRealm.VersionID version) {
                                          ^
  symbol:   class OsSchemaInfo
  location: class BaseRealm
/mnt/d/workspace/jiran/realm/.omx/team/execute-only-ultragoa-6fc3cb75/worktrees/worker-3/realm/realm-library/src/main/java/io/realm/BaseRealm.java:108: error: package OsSharedRealm does not exist
    BaseRealm(RealmCache cache, @Nullable OsSchemaInfo schemaInfo, OsSharedRealm.VersionID version) {
                                                                                ^
/mnt/d/workspace/jiran/realm/.omx/team/execute-only-ultragoa-6fc3cb75/worktrees/worker-3/realm/realm-library/src/main/java/io/realm/BaseRealm.java:114: error: cannot find symbol
    BaseRealm(final RealmConfiguration configuration, @Nullable OsSchemaInfo schemaInfo, OsSharedRealm.VersionID version) {
                                                                ^
  symbol:   class OsSchemaInfo
  location: class BaseRealm
/mnt/d/workspace/jiran/realm/.omx/team/execute-only-ultragoa-6fc3cb75/worktrees/worker-3/realm/realm-library/src/main/java/io/realm/BaseRealm.java:114: error: package OsSharedRealm does not exist
    BaseRealm(final RealmConfiguration configuration, @Nullable OsSchemaInfo schemaInfo, OsSharedRealm.VersionID version) {
                                                                                                      ^
/mnt/d/workspace/jiran/realm/.omx/team/execute-only-ultragoa-6fc3cb75/worktrees/worker-3/realm/realm-library/src/main/java/io/realm/BaseRealm.java:150: error: cannot find symbol
    BaseRealm(OsSharedRealm sharedRealm) {
              ^
  symbol:   class OsSharedRealm
  location: class BaseRealm
/mnt/d/workspace/jiran/realm/.omx/team/execute-only-ultragoa-6fc3cb75/worktrees/worker-3/realm/realm-library/src/main/java/io/realm/BaseRealm.java:287: error: cannot find symbol
    public abstract Flowable asFlowable();
                    ^
  symbol:   class Flowable
  location: class BaseRealm
/mnt/d/workspace/jiran/realm/.omx/team/execute-only-ultragoa-6fc3cb75/worktrees/worker-3/realm/realm-library/src/main/java/io/realm/BaseRealm.java:585: error: cannot find symbol
                             final RealmObjectProxy parentProxy,
                                   ^
  symbol:   class RealmObjectProxy
  location: class BaseRealm
/mnt/d/workspace/jiran/realm/.omx/team/execute-only-ultragoa-6fc3cb75/worktrees/worker-3/realm/realm-library/src/main/java/io/realm/RealmSchema.java:23: error: package javax.annotation does not exist
import javax.annotation.Nullable;
                       ^
/mnt/d/workspace/jiran/realm/.omx/team/execute-only-ultragoa-6fc3cb75/worktrees/worker-3/realm/realm-library/src/main/java/io/realm/RealmSchema.java:25: error: package io.realm.internal does not exist
import io.realm.internal.ColumnIndices;
                        ^
/mnt/d/workspace/jiran/realm/.omx/team/execute-only-ultragoa-6fc3cb75/worktrees/worker-3/realm/realm-library/src/main/java/io/realm/RealmSchema.java:26: error: package io.realm.internal does not exist
import io.realm.internal.ColumnInfo;
                        ^
/mnt/d/workspace/jiran/realm/.omx/team/execute-only-ultragoa-6fc3cb75/worktrees/worker-3/realm/realm-library/src/main/java/io/realm/RealmSchema.java:27: error: package io.realm.internal does not exist
import io.realm.internal.Table;
                        ^
/mnt/d/workspace/jiran/realm/.omx/team/execute-only-ultragoa-6fc3cb75/worktrees/worker-3/realm/realm-library/src/main/java/io/realm/RealmSchema.java:28: error: package io.realm.internal does not exist
import io.realm.internal.Util;
                        ^
/mnt/d/workspace/jiran/realm/.omx/team/execute-only-ultragoa-6fc3cb75/worktrees/worker-3/realm/realm-library/src/main/java/io/realm/RealmSchema.java:29: error: package io.realm.internal.objectstore does not exist
import io.realm.internal.objectstore.OsKeyPathMapping;
                                    ^
/mnt/d/workspace/jiran/realm/.omx/team/execute-only-ultragoa-6fc3cb75/worktrees/worker-3/realm/realm-library/src/main/java/io/realm/RealmObjectSchema.java:19: error: package org.bson.types does not exist
import org.bson.types.Decimal128;
                     ^
/mnt/d/workspace/jiran/realm/.omx/team/execute-only-ultragoa-6fc3cb75/worktrees/worker-3/realm/realm-library/src/main/java/io/realm/RealmObjectSchema.java:20: error: package org.bson.types does not exist
import org.bson.types.ObjectId;
                     ^
/mnt/d/workspace/jiran/realm/.omx/team/execute-only-ultragoa-6fc3cb75/worktrees/worker-3/realm/realm-library/src/main/java/io/realm/RealmObjectSchema.java:31: error: package javax.annotation does not exist
import javax.annotation.Nullable;
                       ^
/mnt/d/workspace/jiran/realm/.omx/team/execute-only-ultragoa-6fc3cb75/worktrees/worker-3/realm/realm-library/src/main/java/io/realm/RealmObjectSchema.java:35: error: package io.realm.internal does not exist
import io.realm.internal.ColumnInfo;
                        ^
/mnt/d/workspace/jiran/realm/.omx/team/execute-only-ultragoa-6fc3cb75/worktrees/worker-3/realm/realm-library/src/main/java/io/realm/RealmObjectSchema.java:36: error: package io.realm.internal does not exist
import io.realm.internal.OsObjectStore;
                        ^
/mnt/d/workspace/jiran/realm/.omx/team/execute-only-ultragoa-6fc3cb75/worktrees/worker-3/realm/realm-library/src/main/java/io/realm/RealmObjectSchema.java:37: error: package io.realm.internal does not exist
import io.realm.internal.Table;
                        ^
/mnt/d/workspace/jiran/realm/.omx/team/execute-only-ultragoa-6fc3cb75/worktrees/worker-3/realm/realm-library/src/main/java/io/realm/BaseRealm.java:584: error: cannot find symbol
    Row getEmbeddedObjectRow(final String className,
    ^
  symbol:   class Row
  location: class BaseRealm
/mnt/d/workspace/jiran/realm/.omx/team/execute-only-ultragoa-6fc3cb75/worktrees/worker-3/realm/realm-library/src/main/java/io/realm/mongodb/sync/SubscriptionSet.java:5: error: package javax.annotation does not exist
import javax.annotation.Nullable;
                       ^
/mnt/d/workspace/jiran/realm/.omx/team/execute-only-ultragoa-6fc3cb75/worktrees/worker-3/realm/realm-library/src/main/java/io/realm/mongodb/sync/SubscriptionSet.java:11: error: package io.realm.internal does not exist
import io.realm.internal.Keep;
                        ^
/mnt/d/workspace/jiran/realm/.omx/team/execute-only-ultragoa-6fc3cb75/worktrees/worker-3/realm/realm-library/src/main/java/io/realm/mongodb/sync/SubscriptionSet.java:12: error: package io.realm.internal.annotations does not exist
import io.realm.internal.annotations.ObjectServer;
                                    ^
/mnt/d/workspace/jiran/realm/.omx/team/execute-only-ultragoa-6fc3cb75/worktrees/worker-3/realm/realm-library/src/main/java/io/realm/mongodb/sync/SubscriptionSet.java:13: error: package io.realm.internal.objectstore does not exist
import io.realm.internal.objectstore.OsSubscriptionSet;
                                    ^
/mnt/d/workspace/jiran/realm/.omx/team/execute-only-ultragoa-6fc3cb75/worktrees/worker-3/realm/realm-library/src/main/java/io/realm/mongodb/sync/SubscriptionSet.java:38: error: cannot find symbol
@Keep
 ^
  symbol: class Keep
/mnt/d/workspace/jiran/realm/.omx/team/execute-only-ultragoa-6fc3cb75/worktrees/worker-3/realm/realm-library/src/main/java/io/realm/mongodb/sync/SubscriptionSet.java:39: error: cannot find symbol
@ObjectServer
 ^
  symbol: class ObjectServer
/mnt/d/workspace/jiran/realm/.omx/team/execute-only-ultragoa-6fc3cb75/worktrees/worker-3/realm/realm-library/src/main/java/io/realm/mongodb/sync/Subscription.java:5: error: package javax.annotation does not exist
import javax.annotation.Nullable;
                       ^
/mnt/d/workspace/jiran/realm/.omx/team/execute-only-ultragoa-6fc3cb75/worktrees/worker-3/realm/realm-library/src/main/java/io/realm/mongodb/sync/Subscription.java:9: error: package io.realm.internal does not exist
import io.realm.internal.Util;
                        ^
/mnt/d/workspace/jiran/realm/.omx/team/execute-only-ultragoa-6fc3cb75/worktrees/worker-3/realm/realm-library/src/main/java/io/realm/mongodb/sync/Subscription.java:10: error: package io.realm.internal.annotations does not exist
import io.realm.internal.annotations.ObjectServer;
                                    ^
/mnt/d/workspace/jiran/realm/.omx/team/execute-only-ultragoa-6fc3cb75/worktrees/worker-3/realm/realm-library/src/main/java/io/realm/mongodb/sync/Subscription.java:11: error: package io.realm.internal does not exist
import io.realm.internal.UnmanagedSubscription;
                        ^
/mnt/d/workspace/jiran/realm/.omx/team/execute-only-ultragoa-6fc3cb75/worktrees/worker-3/realm/realm-library/src/main/java/io/realm/mongodb/sync/Subscription.java:21: error: cannot find symbol
@ObjectServer
 ^
  symbol: class ObjectServer
/mnt/d/workspace/jiran/realm/.omx/team/execute-only-ultragoa-6fc3cb75/worktrees/worker-3/realm/realm-library/src/main/java/io/realm/BaseRealm.java:726: error: cannot find symbol
    <E extends RealmModel> E get(@Nullable Class<E> clazz, @Nullable String dynamicClassName, UncheckedRow row) {
                                                                                              ^
  symbol:   class UncheckedRow
  location: class BaseRealm
/mnt/d/workspace/jiran/realm/.omx/team/execute-only-ultragoa-6fc3cb75/worktrees/worker-3/realm/realm-library/src/main/java/io/realm/BaseRealm.java:888: error: package OsSharedRealm does not exist
    private static OsSharedRealm.MigrationCallback createMigrationCallback(final RealmMigration migration) {
                                ^
/mnt/d/workspace/jiran/realm/.omx/team/execute-only-ultragoa-6fc3cb75/worktrees/worker-3/realm/realm-library/src/main/java/io/realm/BaseRealm.java:911: error: cannot find symbol
    OsSharedRealm getSharedRealm() {
    ^
  symbol:   class OsSharedRealm
  location: class BaseRealm
/mnt/d/workspace/jiran/realm/.omx/team/execute-only-ultragoa-6fc3cb75/worktrees/worker-3/realm/realm-library/src/main/java/io/realm/BaseRealm.java:917: error: cannot find symbol
        private Row row;
                ^
  symbol:   class Row
  location: class RealmObjectContext
/mnt/d/workspace/jiran/realm/.omx/team/execute-only-ultragoa-6fc3cb75/worktrees/worker-3/realm/realm-library/src/main/java/io/realm/BaseRealm.java:918: error: cannot find symbol
        private ColumnInfo columnInfo;
                ^
  symbol:   class ColumnInfo
  location: class RealmObjectContext
/mnt/d/workspace/jiran/realm/.omx/team/execute-only-ultragoa-6fc3cb75/worktrees/worker-3/realm/realm-library/src/main/java/io/realm/BaseRealm.java:922: error: cannot find symbol
        public void set(BaseRealm realm, Row row, ColumnInfo columnInfo,
                                         ^
  symbol:   class Row
  location: class RealmObjectContext
/mnt/d/workspace/jiran/realm/.omx/team/execute-only-ultragoa-6fc3cb75/worktrees/worker-3/realm/realm-library/src/main/java/io/realm/BaseRealm.java:922: error: cannot find symbol
        public void set(BaseRealm realm, Row row, ColumnInfo columnInfo,
                                                  ^
  symbol:   class ColumnInfo
  location: class RealmObjectContext
/mnt/d/workspace/jiran/realm/.omx/team/execute-only-ultragoa-6fc3cb75/worktrees/worker-3/realm/realm-library/src/main/java/io/realm/BaseRealm.java:935: error: cannot find symbol
        public Row getRow() {
               ^
  symbol:   class Row
  location: class RealmObjectContext
/mnt/d/workspace/jiran/realm/.omx/team/execute-only-ultragoa-6fc3cb75/worktrees/worker-3/realm/realm-library/src/main/java/io/realm/BaseRealm.java:939: error: cannot find symbol
        public ColumnInfo getColumnInfo() {
               ^
  symbol:   class ColumnInfo
  location: class RealmObjectContext
/mnt/d/workspace/jiran/realm/.omx/team/execute-only-ultragoa-6fc3cb75/worktrees/worker-3/realm/realm-library/src/main/java/io/realm/DynamicRealm.java:22: error: package javax.annotation does not exist
import javax.annotation.Nullable;
                       ^
/mnt/d/workspace/jiran/realm/.omx/team/execute-only-ultragoa-6fc3cb75/worktrees/worker-3/realm/realm-library/src/main/java/io/realm/DynamicRealm.java:24: error: package io.reactivex does not exist
import io.reactivex.Flowable;
                   ^
/mnt/d/workspace/jiran/realm/.omx/team/execute-only-ultragoa-6fc3cb75/worktrees/worker-3/realm/realm-library/src/main/java/io/realm/DynamicRealm.java:28: error: package io.realm.internal does not exist
import io.realm.internal.CheckedRow;
                        ^
/mnt/d/workspace/jiran/realm/.omx/team/execute-only-ultragoa-6fc3cb75/worktrees/worker-3/realm/realm-library/src/main/java/io/realm/DynamicRealm.java:29: error: package io.realm.internal does not exist
import io.realm.internal.OsObject;
                        ^
/mnt/d/workspace/jiran/realm/.omx/team/execute-only-ultragoa-6fc3cb75/worktrees/worker-3/realm/realm-library/src/main/java/io/realm/DynamicRealm.java:30: error: package io.realm.internal does not exist
import io.realm.internal.OsObjectStore;
                        ^
/mnt/d/workspace/jiran/realm/.omx/team/execute-only-ultragoa-6fc3cb75/worktrees/worker-3/realm/realm-library/src/main/java/io/realm/DynamicRealm.java:31: error: package io.realm.internal does not exist
import io.realm.internal.OsSharedRealm;
                        ^
/mnt/d/workspace/jiran/realm/.omx/team/execute-only-ultragoa-6fc3cb75/worktrees/worker-3/realm/realm-library/src/main/java/io/realm/DynamicRealm.java:32: error: package io.realm.internal does not exist
import io.realm.internal.RealmNotifier;
                        ^
/mnt/d/workspace/jiran/realm/.omx/team/execute-only-ultragoa-6fc3cb75/worktrees/worker-3/realm/realm-library/src/main/java/io/realm/DynamicRealm.java:33: error: package io.realm.internal does not exist
import io.realm.internal.RealmObjectProxy;
                        ^
/mnt/d/workspace/jiran/realm/.omx/team/execute-only-ultragoa-6fc3cb75/worktrees/worker-3/realm/realm-library/src/main/java/io/realm/DynamicRealm.java:34: error: package io.realm.internal does not exist
import io.realm.internal.Row;
                        ^
/mnt/d/workspace/jiran/realm/.omx/team/execute-only-ultragoa-6fc3cb75/worktrees/worker-3/realm/realm-library/src/main/java/io/realm/DynamicRealm.java:35: error: package io.realm.internal does not exist
import io.realm.internal.Table;
                        ^
/mnt/d/workspace/jiran/realm/.omx/team/execute-only-ultragoa-6fc3cb75/worktrees/worker-3/realm/realm-library/src/main/java/io/realm/DynamicRealm.java:36: error: package io.realm.internal does not exist
import io.realm.internal.Util;
                        ^
/mnt/d/workspace/jiran/realm/.omx/team/execute-only-ultragoa-6fc3cb75/worktrees/worker-3/realm/realm-library/src/main/java/io/realm/DynamicRealm.java:37: error: package io.realm.internal.async does not exist
import io.realm.internal.async.RealmAsyncTaskImpl;
                              ^
/mnt/d/workspace/jiran/realm/.omx/team/execute-only-ultragoa-6fc3cb75/worktrees/worker-3/realm/realm-library/src/main/java/io/realm/DynamicRealm.java:64: error: package OsSharedRealm does not exist
    private DynamicRealm(final RealmCache cache, OsSharedRealm.VersionID version) {
                                                              ^
/mnt/d/workspace/jiran/realm/.omx/team/execute-only-ultragoa-6fc3cb75/worktrees/worker-3/realm/realm-library/src/main/java/io/realm/DynamicRealm.java:89: error: cannot find symbol
    private DynamicRealm(OsSharedRealm sharedRealm) {
                         ^
  symbol:   class OsSharedRealm
  location: class DynamicRealm
/mnt/d/workspace/jiran/realm/.omx/team/execute-only-ultragoa-6fc3cb75/worktrees/worker-3/realm/realm-library/src/main/java/io/realm/DynamicRealmObject.java:18: error: package org.bson.types does not exist
import org.bson.types.Decimal128;
                     ^
/mnt/d/workspace/jiran/realm/.omx/team/execute-only-ultragoa-6fc3cb75/worktrees/worker-3/realm/realm-library/src/main/java/io/realm/DynamicRealmObject.java:19: error: package org.bson.types does not exist
import org.bson.types.ObjectId;
                     ^
/mnt/d/workspace/jiran/realm/.omx/team/execute-only-ultragoa-6fc3cb75/worktrees/worker-3/realm/realm-library/src/main/java/io/realm/DynamicRealmObject.java:28: error: package javax.annotation does not exist
import javax.annotation.Nonnull;
                       ^
/mnt/d/workspace/jiran/realm/.omx/team/execute-only-ultragoa-6fc3cb75/worktrees/worker-3/realm/realm-library/src/main/java/io/realm/DynamicRealmObject.java:29: error: package javax.annotation does not exist
import javax.annotation.Nullable;
                       ^
/mnt/d/workspace/jiran/realm/.omx/team/execute-only-ultragoa-6fc3cb75/worktrees/worker-3/realm/realm-library/src/main/java/io/realm/DynamicRealmObject.java:32: error: package io.realm.internal does not exist
import io.realm.internal.CheckedRow;
                        ^
100 errors

> Task :realm:realm-library:javadocJar
> Task :realm:realm-library:sourcesJar
> Task :realm:realm-library:preBuild UP-TO-DATE
> Task :realm:realm-library:stageBaseReleaseJniHeaderSnapshot UP-TO-DATE
> Task :realm:realm-library:preBaseReleaseBuild UP-TO-DATE
> Task :realm:realm-library:checkBaseReleaseAarMetadata

> Task :realm:realm-annotations-processor:compileKotlin
w: ATTENTION!
This build uses unsafe internal compiler arguments:

-XXLanguage:+InlineClasses

This mode is not recommended for production use,
as no stability/compatibility guarantees are given on
compiler or generated code. Use it at your own risk!

w: file:///mnt/d/workspace/jiran/realm/.omx/team/execute-only-ultragoa-6fc3cb75/worktrees/worker-3/realm/realm-annotations-processor/src/main/java/io/realm/processor/RealmProcessor.kt:116:1 'inline' modifier is deprecated. Use 'value' instead.
w: file:///mnt/d/workspace/jiran/realm/.omx/team/execute-only-ultragoa-6fc3cb75/worktrees/worker-3/realm/realm-annotations-processor/src/main/java/io/realm/processor/RealmProcessor.kt:126:1 'inline' modifier is deprecated. Use 'value' instead.
w: file:///mnt/d/workspace/jiran/realm/.omx/team/execute-only-ultragoa-6fc3cb75/worktrees/worker-3/realm/realm-annotations-processor/src/main/java/io/realm/processor/Utils.kt:572:13 'when' is exhaustive so 'else' is redundant here.
w: file:///mnt/d/workspace/jiran/realm/.omx/team/execute-only-ultragoa-6fc3cb75/worktrees/worker-3/realm/realm-annotations-processor/src/main/java/io/realm/processor/nameconverter/WordTokenizer.kt:74:41 'fun toInt(): Int' is deprecated. Conversion of Char to Number is deprecated. Use Char.code property instead.
w: file:///mnt/d/workspace/jiran/realm/.omx/team/execute-only-ultragoa-6fc3cb75/worktrees/worker-3/realm/realm-annotations-processor/src/main/java/io/realm/processor/nameconverter/WordTokenizer.kt:74:76 'fun toInt(): Int' is deprecated. Conversion of Char to Number is deprecated. Use Char.code property instead.

> Task :g008PublishRealm

> Task :realm:realm-library:configureCMakeRelWithDebInfo[arm64-v8a]
[CXX5304] This version only understands SDK XML versions up to 3 but an SDK XML file of version 4 was encountered. This can happen if you use versions of Android Studio and the command-line tools that were released at different times.
[CXX5304] This version only understands SDK XML versions up to 3 but an SDK XML file of version 4 was encountered. This can happen if you use versions of Android Studio and the command-line tools that were released at different times.

> Task :realm:realm-annotations-processor:compileJava UP-TO-DATE
> Task :realm:realm-annotations-processor:classes UP-TO-DATE
> Task :realm:realm-annotations-processor:jar
> Task :realm:realm-annotations-processor:javadoc
> Task :realm:realm-annotations-processor:javadocJar
> Task :realm:realm-annotations-processor:generateMetadataFileForRealmPublication SKIPPED
> Task :realm:realm-annotations-processor:signRealmPublication
> Task :realm:realm-annotations-processor:publishRealmPublicationToG008LocalStagingRepository
> Task :realm:realm-library:buildCMakeRelWithDebInfo[arm64-v8a][realm-jni]
> Task :realm:realm-library:configureCMakeRelWithDebInfo[armeabi-v7a]
> Task :realm:realm-library:buildCMakeRelWithDebInfo[armeabi-v7a][realm-jni]
> Task :realm:realm-library:configureCMakeRelWithDebInfo[x86_64]
> Task :realm:realm-library:buildCMakeRelWithDebInfo[x86_64][realm-jni]
> Task :realm:realm-library:mergeBaseReleaseJniLibFolders
> Task :realm:realm-library:generateBaseReleaseBuildConfig
> Task :realm:realm-library:generateBaseReleaseResources
> Task :realm:realm-library:packageBaseReleaseResources
> Task :realm:realm-library:processBaseReleaseNavigationResources
> Task :realm:realm-library:extractDeepLinksForAarBaseRelease
> Task :realm:realm-library:generateBaseReleaseAssets UP-TO-DATE
> Task :realm:realm-library:parseBaseReleaseLocalResources
> Task :realm:realm-library:mergeBaseReleaseAssets
> Task :realm:realm-library:mergeBaseReleaseNativeLibs
> Task :realm:realm-library:generateBaseReleaseRFile
> Task :realm:realm-library:stripBaseReleaseDebugSymbols
> Task :realm:realm-library:extractBaseReleaseAnnotations
> Task :realm:realm-library:cleanBaseReleaseJniHeaderValidation
> Task :realm:realm-library:copyBaseReleaseJniLibsProjectAndLocalJars
> Task :realm:realm-library:prepareBaseReleaseArtProfile
> Task :realm:realm-library:javaPreCompileBaseRelease
> Task :realm:realm-library:prepareLintJarForPublish
> Task :realm:kotlin-extensions:preBuild UP-TO-DATE
> Task :realm:kotlin-extensions:preBaseReleaseBuild UP-TO-DATE
> Task :realm:realm-library:writeBaseReleaseAarMetadata
> Task :realm:kotlin-extensions:mergeBaseReleaseJniLibFolders
> Task :realm:kotlin-extensions:mergeBaseReleaseNativeLibs NO-SOURCE
> Task :realm:kotlin-extensions:stripBaseReleaseDebugSymbols NO-SOURCE
> Task :realm:kotlin-extensions:checkBaseReleaseAarMetadata

> Task :realm:realm-library:processBaseReleaseManifest
package="io.realm" found in source AndroidManifest.xml: /mnt/d/workspace/jiran/realm/.omx/team/execute-only-ultragoa-6fc3cb75/worktrees/worker-3/realm/realm-library/src/main/AndroidManifest.xml.
Setting the namespace via the package attribute in the source AndroidManifest.xml is no longer supported, and the value is ignored.
Recommendation: remove package="io.realm" from the source AndroidManifest.xml: /mnt/d/workspace/jiran/realm/.omx/team/execute-only-ultragoa-6fc3cb75/worktrees/worker-3/realm/realm-library/src/main/AndroidManifest.xml.

> Task :realm:kotlin-extensions:copyBaseReleaseJniLibsProjectAndLocalJars
> Task :realm:kotlin-extensions:generateBaseReleaseBuildConfig
> Task :realm:kotlin-extensions:generateBaseReleaseResources FROM-CACHE
> Task :realm:kotlin-extensions:packageBaseReleaseResources
> Task :realm:kotlin-extensions:processBaseReleaseNavigationResources FROM-CACHE
> Task :realm:kotlin-extensions:parseBaseReleaseLocalResources FROM-CACHE
> Task :realm:kotlin-extensions:extractDeepLinksForAarBaseRelease FROM-CACHE
> Task :realm:kotlin-extensions:generateBaseReleaseAssets UP-TO-DATE
> Task :realm:kotlin-extensions:mergeBaseReleaseAssets
> Task :realm:kotlin-extensions:generateBaseReleaseRFile
> Task :realm:kotlin-extensions:javaPreCompileBaseRelease
> Task :realm:kotlin-extensions:prepareBaseReleaseArtProfile
> Task :realm:kotlin-extensions:prepareLintJarForPublish
> Task :realm:kotlin-extensions:writeBaseReleaseAarMetadata
> Task :realm:kotlin-extensions:generatePomFileForRealmPublication

> Task :realm:kotlin-extensions:processBaseReleaseManifest
package="io.realm.kotlin" found in source AndroidManifest.xml: /mnt/d/workspace/jiran/realm/.omx/team/execute-only-ultragoa-6fc3cb75/worktrees/worker-3/realm/kotlin-extensions/src/main/AndroidManifest.xml.
Setting the namespace via the package attribute in the source AndroidManifest.xml is no longer supported, and the value is ignored.
Recommendation: remove package="io.realm.kotlin" from the source AndroidManifest.xml: /mnt/d/workspace/jiran/realm/.omx/team/execute-only-ultragoa-6fc3cb75/worktrees/worker-3/realm/kotlin-extensions/src/main/AndroidManifest.xml.

> Task :realm:kotlin-extensions:dokkaHtml
Initializing plugins
Dokka is performing: documentation for kotlin-extensions
Validity check
Creating documentation models
Exiting Generation: Nothing to document


> Task :realm:kotlin-extensions:javadocJar
> Task :realm:kotlin-extensions:sourcesJar
> Task :realm:realm-library:kaptGenerateStubsBaseReleaseKotlin
> Task :realm:realm-library:kaptBaseReleaseKotlin
> Task :realm:realm-library:compileBaseReleaseKotlin
> Task :realm:realm-library:compileBaseReleaseJavaWithJavac
Note: Some input files use or override a deprecated API.
Note: Recompile with -Xlint:deprecation for details.
Note: Some input files use unchecked or unsafe operations.
Note: Recompile with -Xlint:unchecked for details.

> Task :realm:realm-library:baseReleaseRealmBuildTransformer
> Task :realm:realm-library:mergeBaseReleaseGeneratedProguardFiles
> Task :realm:realm-library:mergeBaseReleaseConsumerProguardFiles
> Task :realm:realm-library:processBaseReleaseJavaRes
> Task :realm:realm-library:mergeBaseReleaseJavaResource
> Task :realm:realm-library:bundleLibCompileToJarBaseRelease
> Task :realm:realm-library:syncBaseReleaseLibJars
> Task :realm:realm-library:bundleBaseReleaseAar FAILED
> Task :g008PublishRealm FAILED

[Incubating] Problems report is available at: file:///mnt/d/workspace/jiran/realm/.omx/team/execute-only-ultragoa-6fc3cb75/worktrees/worker-3/build/reports/problems/problems-report.html

FAILURE: Build failed with an exception.

* What went wrong:
Execution failed for task ':realm:realm-library:bundleBaseReleaseAar' (registered by plugin 'com.android.internal.library').
> Cannot copy file '/mnt/d/workspace/jiran/realm/.omx/team/execute-only-ultragoa-6fc3cb75/worktrees/worker-3/LICENSE' to 'META-INF/LICENSE' because file '/mnt/d/workspace/jiran/realm/.omx/team/execute-only-ultragoa-6fc3cb75/worktrees/worker-3/LICENSE' has already been copied there.

* Try:
> Run with --stacktrace option to get the stack trace.
> Run with --info or --debug option to get more log output.
> Run with --scan to get full insights from a Build Scan (powered by Develocity).
> Get more help at https://help.gradle.org.

Deprecated Gradle features were used in this build, making it incompatible with Gradle 10.

You can use '--warning-mode all' to show the individual deprecation warnings and determine if they come from your own scripts or plugins.

For more on this, please refer to https://docs.gradle.org/9.6.1/userguide/command_line_interface.html#sec:command_line_warnings in the Gradle documentation.

BUILD FAILED in 7m 30s
5 actionable tasks: 5 executed
